Archive member included to satisfy reference by file (symbol)

c:/users/wako/workspace/tools/gnutoolsarmembedded/5.42016q3/bin/../lib/gcc/arm-none-eabi/5.4.1/armv7e-m/fpu\libgcc.a(_aeabi_uldivmod.o)
                              build/stm32f4xx_hal_rcc.o (__aeabi_uldivmod)
c:/users/wako/workspace/tools/gnutoolsarmembedded/5.42016q3/bin/../lib/gcc/arm-none-eabi/5.4.1/armv7e-m/fpu\libgcc.a(_udivmoddi4.o)
                              c:/users/wako/workspace/tools/gnutoolsarmembedded/5.42016q3/bin/../lib/gcc/arm-none-eabi/5.4.1/armv7e-m/fpu\libgcc.a(_aeabi_uldivmod.o) (__udivmoddi4)
c:/users/wako/workspace/tools/gnutoolsarmembedded/5.42016q3/bin/../lib/gcc/arm-none-eabi/5.4.1/armv7e-m/fpu\libgcc.a(unwind-arm.o)
                              build/main.o (__aeabi_unwind_cpp_pr0)
c:/users/wako/workspace/tools/gnutoolsarmembedded/5.42016q3/bin/../lib/gcc/arm-none-eabi/5.4.1/armv7e-m/fpu\libgcc.a(libunwind.o)
                              c:/users/wako/workspace/tools/gnutoolsarmembedded/5.42016q3/bin/../lib/gcc/arm-none-eabi/5.4.1/armv7e-m/fpu\libgcc.a(unwind-arm.o) (restore_core_regs)
c:/users/wako/workspace/tools/gnutoolsarmembedded/5.42016q3/bin/../lib/gcc/arm-none-eabi/5.4.1/armv7e-m/fpu\libgcc.a(pr-support.o)
                              c:/users/wako/workspace/tools/gnutoolsarmembedded/5.42016q3/bin/../lib/gcc/arm-none-eabi/5.4.1/armv7e-m/fpu\libgcc.a(unwind-arm.o) (__gnu_unwind_execute)
c:/users/wako/workspace/tools/gnutoolsarmembedded/5.42016q3/bin/../lib/gcc/arm-none-eabi/5.4.1/armv7e-m/fpu\libgcc.a(_dvmd_tls.o)
                              c:/users/wako/workspace/tools/gnutoolsarmembedded/5.42016q3/bin/../lib/gcc/arm-none-eabi/5.4.1/armv7e-m/fpu\libgcc.a(_aeabi_uldivmod.o) (__aeabi_ldiv0)
c:/users/wako/workspace/tools/gnutoolsarmembedded/5.42016q3/bin/../lib/gcc/arm-none-eabi/5.4.1/../../../../arm-none-eabi/lib/armv7e-m/fpu\libc_nano.a(lib_a-abort.o)
                              c:/users/wako/workspace/tools/gnutoolsarmembedded/5.42016q3/bin/../lib/gcc/arm-none-eabi/5.4.1/armv7e-m/fpu\libgcc.a(unwind-arm.o) (abort)
c:/users/wako/workspace/tools/gnutoolsarmembedded/5.42016q3/bin/../lib/gcc/arm-none-eabi/5.4.1/../../../../arm-none-eabi/lib/armv7e-m/fpu\libc_nano.a(lib_a-exit.o)
                              c:/users/wako/workspace/tools/gnutoolsarmembedded/5.42016q3/bin/../lib/gcc/arm-none-eabi/5.4.1/../../../../arm-none-eabi/lib/armv7e-m/fpu/crt0.o (exit)
c:/users/wako/workspace/tools/gnutoolsarmembedded/5.42016q3/bin/../lib/gcc/arm-none-eabi/5.4.1/../../../../arm-none-eabi/lib/armv7e-m/fpu\libc_nano.a(lib_a-impure.o)
                              c:/users/wako/workspace/tools/gnutoolsarmembedded/5.42016q3/bin/../lib/gcc/arm-none-eabi/5.4.1/../../../../arm-none-eabi/lib/armv7e-m/fpu\libc_nano.a(lib_a-exit.o) (_global_impure_ptr)
c:/users/wako/workspace/tools/gnutoolsarmembedded/5.42016q3/bin/../lib/gcc/arm-none-eabi/5.4.1/../../../../arm-none-eabi/lib/armv7e-m/fpu\libc_nano.a(lib_a-init.o)
                              c:/users/wako/workspace/tools/gnutoolsarmembedded/5.42016q3/bin/../lib/gcc/arm-none-eabi/5.4.1/../../../../arm-none-eabi/lib/armv7e-m/fpu/crt0.o (__libc_init_array)
c:/users/wako/workspace/tools/gnutoolsarmembedded/5.42016q3/bin/../lib/gcc/arm-none-eabi/5.4.1/../../../../arm-none-eabi/lib/armv7e-m/fpu\libc_nano.a(lib_a-memcpy-stub.o)
                              c:/users/wako/workspace/tools/gnutoolsarmembedded/5.42016q3/bin/../lib/gcc/arm-none-eabi/5.4.1/armv7e-m/fpu\libgcc.a(unwind-arm.o) (memcpy)
c:/users/wako/workspace/tools/gnutoolsarmembedded/5.42016q3/bin/../lib/gcc/arm-none-eabi/5.4.1/../../../../arm-none-eabi/lib/armv7e-m/fpu\libc_nano.a(lib_a-memset.o)
                              c:/users/wako/workspace/tools/gnutoolsarmembedded/5.42016q3/bin/../lib/gcc/arm-none-eabi/5.4.1/../../../../arm-none-eabi/lib/armv7e-m/fpu/crt0.o (memset)
c:/users/wako/workspace/tools/gnutoolsarmembedded/5.42016q3/bin/../lib/gcc/arm-none-eabi/5.4.1/../../../../arm-none-eabi/lib/armv7e-m/fpu\libc_nano.a(lib_a-signal.o)
                              c:/users/wako/workspace/tools/gnutoolsarmembedded/5.42016q3/bin/../lib/gcc/arm-none-eabi/5.4.1/../../../../arm-none-eabi/lib/armv7e-m/fpu\libc_nano.a(lib_a-abort.o) (raise)
c:/users/wako/workspace/tools/gnutoolsarmembedded/5.42016q3/bin/../lib/gcc/arm-none-eabi/5.4.1/../../../../arm-none-eabi/lib/armv7e-m/fpu\libc_nano.a(lib_a-signalr.o)
                              c:/users/wako/workspace/tools/gnutoolsarmembedded/5.42016q3/bin/../lib/gcc/arm-none-eabi/5.4.1/../../../../arm-none-eabi/lib/armv7e-m/fpu\libc_nano.a(lib_a-signal.o) (_kill_r)
c:/users/wako/workspace/tools/gnutoolsarmembedded/5.42016q3/bin/../lib/gcc/arm-none-eabi/5.4.1/../../../../arm-none-eabi/lib/armv7e-m/fpu\libc_nano.a(lib_a-nano-mallocr.o)
                              c:/users/wako/workspace/tools/gnutoolsarmembedded/5.42016q3/bin/../lib/gcc/arm-none-eabi/5.4.1/../../../../arm-none-eabi/lib/armv7e-m/fpu\libc_nano.a(lib_a-signal.o) (_malloc_r)
[...]
Memory Configuration

Name             Origin             Length             Attributes
RAM              0x20000000         0x00020000         xrw
CCMRAM           0x10000000         0x00010000         rw
FLASH            0x08000000         0x00100000         xr
*default*        0x00000000         0xffffffff

Linker script and memory map

LOAD c:/users/wako/workspace/tools/gnutoolsarmembedded/5.42016q3/bin/../lib/gcc/arm-none-eabi/5.4.1/armv7e-m/fpu/crti.o
LOAD c:/users/wako/workspace/tools/gnutoolsarmembedded/5.42016q3/bin/../lib/gcc/arm-none-eabi/5.4.1/armv7e-m/fpu/crtbegin.o
LOAD c:/users/wako/workspace/tools/gnutoolsarmembedded/5.42016q3/bin/../lib/gcc/arm-none-eabi/5.4.1/../../../../arm-none-eabi/lib/armv7e-m/fpu/crt0.o
LOAD build/main.o
LOAD build/stm32f4xx_hal_tim_ex.o
LOAD build/stm32f4xx_hal_flash_ramfunc.o
LOAD build/stm32f4xx_hal_tim.o
LOAD build/stm32f4xx_hal_rcc_ex.o
LOAD build/stm32f4xx_hal_pwr.o
LOAD build/stm32f4xx_hal_dma.o
LOAD build/stm32f4xx_hal.o
LOAD build/stm32f4xx_hal_flash_ex.o
LOAD build/stm32f4xx_hal_gpio.o
LOAD build/stm32f4xx_hal_rcc.o
LOAD build/stm32f4xx_hal_dma_ex.o
LOAD build/stm32f4xx_hal_flash.o
LOAD build/stm32f4xx_hal_cortex.o
LOAD build/stm32f4xx_hal_pwr_ex.o
LOAD build/stm32f4xx_hal_i2c.o
LOAD build/stm32f4xx_hal_adc_ex.o
LOAD build/stm32f4xx_hal_uart.o
LOAD build/stm32f4xx_hal_adc.o
LOAD build/stm32f4xx_hal_i2c_ex.o
LOAD build/stm32f4xx_hal_msp.o
LOAD build/stm32f4xx_it.o
LOAD build/system_stm32f4xx.o
LOAD build/startup_stm32f405xx.o
LOAD c:/users/wako/workspace/tools/gnutoolsarmembedded/5.42016q3/bin/../lib/gcc/arm-none-eabi/5.4.1/../../../../arm-none-eabi/lib/armv7e-m/fpu\libnosys.a
LOAD c:/users/wako/workspace/tools/gnutoolsarmembedded/5.42016q3/bin/../lib/gcc/arm-none-eabi/5.4.1/armv7e-m/fpu\libgcc.a
LOAD c:/users/wako/workspace/tools/gnutoolsarmembedded/5.42016q3/bin/../lib/gcc/arm-none-eabi/5.4.1/../../../../arm-none-eabi/lib/armv7e-m/fpu\librdimon_nano.a
LOAD c:/users/wako/workspace/tools/gnutoolsarmembedded/5.42016q3/bin/../lib/gcc/arm-none-eabi/5.4.1/../../../../arm-none-eabi/lib/armv7e-m/fpu\libstdc++_nano.a
LOAD c:/users/wako/workspace/tools/gnutoolsarmembedded/5.42016q3/bin/../lib/gcc/arm-none-eabi/5.4.1/../../../../arm-none-eabi/lib/armv7e-m/fpu\libstdc++_nano.a
LOAD c:/users/wako/workspace/tools/gnutoolsarmembedded/5.42016q3/bin/../lib/gcc/arm-none-eabi/5.4.1/../../../../arm-none-eabi/lib/armv7e-m/fpu\libm.a
LOAD c:/users/wako/workspace/tools/gnutoolsarmembedded/5.42016q3/bin/../lib/gcc/arm-none-eabi/5.4.1/../../../../arm-none-eabi/lib/armv7e-m/fpu\libc_nano.a
START GROUP
LOAD c:/users/wako/workspace/tools/gnutoolsarmembedded/5.42016q3/bin/../lib/gcc/arm-none-eabi/5.4.1/armv7e-m/fpu\libgcc.a
LOAD c:/users/wako/workspace/tools/gnutoolsarmembedded/5.42016q3/bin/../lib/gcc/arm-none-eabi/5.4.1/../../../../arm-none-eabi/lib/armv7e-m/fpu\libc_nano.a
END GROUP
START GROUP
LOAD c:/users/wako/workspace/tools/gnutoolsarmembedded/5.42016q3/bin/../lib/gcc/arm-none-eabi/5.4.1/armv7e-m/fpu\libgcc.a
LOAD c:/users/wako/workspace/tools/gnutoolsarmembedded/5.42016q3/bin/../lib/gcc/arm-none-eabi/5.4.1/../../../../arm-none-eabi/lib/armv7e-m/fpu\libc_nano.a
LOAD c:/users/wako/workspace/tools/gnutoolsarmembedded/5.42016q3/bin/../lib/gcc/arm-none-eabi/5.4.1/../../../../arm-none-eabi/lib/armv7e-m/fpu\libnosys.a
END GROUP
START GROUP
LOAD c:/users/wako/workspace/tools/gnutoolsarmembedded/5.42016q3/bin/../lib/gcc/arm-none-eabi/5.4.1/armv7e-m/fpu\libgcc.a
LOAD c:/users/wako/workspace/tools/gnutoolsarmembedded/5.42016q3/bin/../lib/gcc/arm-none-eabi/5.4.1/../../../../arm-none-eabi/lib/armv7e-m/fpu\libc_nano.a
LOAD c:/users/wako/workspace/tools/gnutoolsarmembedded/5.42016q3/bin/../lib/gcc/arm-none-eabi/5.4.1/../../../../arm-none-eabi/lib/armv7e-m/fpu\libnosys.a
END GROUP
LOAD c:/users/wako/workspace/tools/gnutoolsarmembedded/5.42016q3/bin/../lib/gcc/arm-none-eabi/5.4.1/armv7e-m/fpu/crtend.o
LOAD c:/users/wako/workspace/tools/gnutoolsarmembedded/5.42016q3/bin/../lib/gcc/arm-none-eabi/5.4.1/armv7e-m/fpu/crtn.o
                0x20020000                _estack = 0x20020000
                0x00000200                _Min_Heap_Size = 0x200
                0x00000400                _Min_Stack_Size = 0x400

.isr_vector     0x08000000      0x188
                0x08000000                . = ALIGN (0x4)
 *(.isr_vector)
 .isr_vector    0x08000000      0x188 build/startup_stm32f405xx.o
                0x08000000                g_pfnVectors
                0x08000188                . = ALIGN (0x4)

.text           0x08000188     0x3380
                0x08000188                . = ALIGN (0x4)
 *(.text)
 .text          0x08000188       0x5c c:/users/wako/workspace/tools/gnutoolsarmembedded/5.42016q3/bin/../lib/gcc/arm-none-eabi/5.4.1/armv7e-m/fpu/crtbegin.o
 .text          0x080001e4       0x30 c:/users/wako/workspace/tools/gnutoolsarmembedded/5.42016q3/bin/../lib/gcc/arm-none-eabi/5.4.1/armv7e-m/fpu\libgcc.a(_aeabi_uldivmod.o)
                0x080001e4                __aeabi_uldivmod
 .text          0x08000214      0x2e4 c:/users/wako/workspace/tools/gnutoolsarmembedded/5.42016q3/bin/../lib/gcc/arm-none-eabi/5.4.1/armv7e-m/fpu\libgcc.a(_udivmoddi4.o)
                0x08000214                __udivmoddi4
 .text          0x080004f8      0x9dc c:/users/wako/workspace/tools/gnutoolsarmembedded/5.42016q3/bin/../lib/gcc/arm-none-eabi/5.4.1/armv7e-m/fpu\libgcc.a(unwind-arm.o)
                0x080007b4                _Unwind_GetCFA
                0x080007b8                __gnu_Unwind_RaiseException
                0x08000818                __gnu_Unwind_ForcedUnwind
                0x0800082c                __gnu_Unwind_Resume
                0x08000870                __gnu_Unwind_Resume_or_Rethrow
                0x08000880                _Unwind_Complete
                0x08000884                _Unwind_DeleteException
                0x08000890                _Unwind_VRS_Get
                0x080008dc                _Unwind_VRS_Set
                0x0800092c                __gnu_Unwind_Backtrace
                0x08000c78                __aeabi_unwind_cpp_pr0
                0x08000c7c                __aeabi_unwind_cpp_pr1
                0x08000c80                __aeabi_unwind_cpp_pr2
                0x08000c84                _Unwind_VRS_Pop
 .text          0x08000ed4      0x1ac c:/users/wako/workspace/tools/gnutoolsarmembedded/5.42016q3/bin/../lib/gcc/arm-none-eabi/5.4.1/armv7e-m/fpu\libgcc.a(libunwind.o)
                0x08000ed4                __restore_core_regs
                0x08000ed4                restore_core_regs
                0x08000eec                __gnu_Unwind_Restore_VFP
                0x08000ef4                __gnu_Unwind_Save_VFP
                0x08000efc                __gnu_Unwind_Restore_VFP_D
                0x08000f04                __gnu_Unwind_Save_VFP_D
                0x08000f0c                __gnu_Unwind_Restore_VFP_D_16_to_31
                0x08000f14                __gnu_Unwind_Save_VFP_D_16_to_31
                0x08000f1c                __gnu_Unwind_Restore_WMMXD
                0x08000f60                __gnu_Unwind_Save_WMMXD
                0x08000fa4                __gnu_Unwind_Restore_WMMXC
                0x08000fb8                __gnu_Unwind_Save_WMMXC
                0x08000fcc                ___Unwind_RaiseException
                0x08000fcc                _Unwind_RaiseException
                0x08000ff0                _Unwind_Resume
                0x08000ff0                ___Unwind_Resume
                0x08001014                _Unwind_Resume_or_Rethrow
                0x08001014                ___Unwind_Resume_or_Rethrow
                0x08001038                _Unwind_ForcedUnwind
                0x08001038                ___Unwind_ForcedUnwind
                0x0800105c                ___Unwind_Backtrace
                0x0800105c                _Unwind_Backtrace
 .text          0x08001080      0x354 c:/users/wako/workspace/tools/gnutoolsarmembedded/5.42016q3/bin/../lib/gcc/arm-none-eabi/5.4.1/armv7e-m/fpu\libgcc.a(pr-support.o)
                0x080010d8                __gnu_unwind_execute
                0x0800137c                __gnu_unwind_frame
                0x080013a4                _Unwind_GetRegionStart
                0x080013b0                _Unwind_GetLanguageSpecificData
                0x080013c4                _Unwind_GetTextRelBase
                0x080013cc                _Unwind_GetDataRelBase
 .text          0x080013d4        0x4 c:/users/wako/workspace/tools/gnutoolsarmembedded/5.42016q3/bin/../lib/gcc/arm-none-eabi/5.4.1/armv7e-m/fpu\libgcc.a(_dvmd_tls.o)
                0x080013d4                __aeabi_idiv0
                0x080013d4                __aeabi_ldiv0
 *(.text*)
 .text._ZL12MX_GPIO_Initv
                0x080013d8       0x9c build/main.o
 .text._Error_Handler
                0x08001474        0x4 build/main.o
                0x08001474                _Error_Handler
 .text._ZL12MX_I2C2_Initv
                0x08001478       0x44 build/main.o
 .text._ZL12MX_ADC1_Initv
                0x080014bc       0x68 build/main.o
 .text._ZL12MX_TIM2_Initv
                0x08001524       0x64 build/main.o
 .text._ZL12MX_TIM5_Initv
                0x08001588       0x90 build/main.o
 .text._ZL12MX_TIM8_Initv
                0x08001618       0xc0 build/main.o
 .text._ZL12MX_TIM3_Initv
                0x080016d8       0xa4 build/main.o
 .text._ZL19MX_USART1_UART_Initv
                0x0800177c       0x3c build/main.o
 .text._ZL13MX_TIM13_Initv
                0x080017b8       0x30 build/main.o
 .text._ZL13MX_TIM14_Initv
                0x080017e8       0x30 build/main.o
 .text._ZL12MX_TIM4_Initv
                0x08001818       0xbc build/main.o
 .text._Z18SystemClock_Configv
                0x080018d4       0xa8 build/main.o
                0x080018d4                SystemClock_Config()
 .text.main     0x0800197c       0x38 build/main.o
                0x0800197c                main
 .text.HAL_TIMEx_MasterConfigSynchronization
                0x080019b4       0x54 build/stm32f4xx_hal_tim_ex.o
                0x080019b4                HAL_TIMEx_MasterConfigSynchronization
 .text.HAL_TIMEx_ConfigBreakDeadTime
                0x08001a08       0x58 build/stm32f4xx_hal_tim_ex.o
                0x08001a08                HAL_TIMEx_ConfigBreakDeadTime
 .text._ZL17TIM_OC1_SetConfigP11TIM_TypeDefP18TIM_OC_InitTypeDef
                0x08001a60       0x5c build/stm32f4xx_hal_tim.o
 .text._ZL17TIM_OC3_SetConfigP11TIM_TypeDefP18TIM_OC_InitTypeDef
                0x08001abc       0x60 build/stm32f4xx_hal_tim.o
 .text._ZL17TIM_OC4_SetConfigP11TIM_TypeDefP18TIM_OC_InitTypeDef
                0x08001b1c       0x50 build/stm32f4xx_hal_tim.o
 .text.TIM_Base_SetConfig
                0x08001b6c       0xc0 build/stm32f4xx_hal_tim.o
                0x08001b6c                TIM_Base_SetConfig
 .text.HAL_TIM_Base_Init
                0x08001c2c       0x38 build/stm32f4xx_hal_tim.o
                0x08001c2c                HAL_TIM_Base_Init
 .text.HAL_TIM_PWM_Init
                0x08001c64       0x38 build/stm32f4xx_hal_tim.o
                0x08001c64                HAL_TIM_PWM_Init
 .text.HAL_TIM_Encoder_Init
                0x08001c9c       0x9c build/stm32f4xx_hal_tim.o
                0x08001c9c                HAL_TIM_Encoder_Init
 .text.TIM_OC2_SetConfig
                0x08001d38       0x64 build/stm32f4xx_hal_tim.o
                0x08001d38                TIM_OC2_SetConfig
 .text.HAL_TIM_PWM_ConfigChannel
                0x08001d9c       0xdc build/stm32f4xx_hal_tim.o
                0x08001d9c                HAL_TIM_PWM_ConfigChannel
 .text.HAL_InitTick
                0x08001e78       0x4c build/stm32f4xx_hal.o
                0x08001e78                HAL_InitTick
 .text.HAL_Init
                0x08001ec4       0x34 build/stm32f4xx_hal.o
                0x08001ec4                HAL_Init
 .text.HAL_IncTick
                0x08001ef8       0x18 build/stm32f4xx_hal.o
                0x08001ef8                HAL_IncTick
 .text.HAL_GetTick
                0x08001f10        0xc build/stm32f4xx_hal.o
                0x08001f10                HAL_GetTick
 .text.HAL_GPIO_Init
                0x08001f1c      0x1c0 build/stm32f4xx_hal_gpio.o
                0x08001f1c                HAL_GPIO_Init
 .text.HAL_GPIO_WritePin
                0x080020dc        0xc build/stm32f4xx_hal_gpio.o
                0x080020dc                HAL_GPIO_WritePin
 .text.HAL_RCC_OscConfig
                0x080020e8      0x3dc build/stm32f4xx_hal_rcc.o
                0x080020e8                HAL_RCC_OscConfig
 .text.HAL_RCC_GetSysClockFreq
                0x080024c4       0xa0 build/stm32f4xx_hal_rcc.o
                0x080024c4                HAL_RCC_GetSysClockFreq
 .text.HAL_RCC_ClockConfig
                0x08002564      0x160 build/stm32f4xx_hal_rcc.o
                0x08002564                HAL_RCC_ClockConfig
 .text.HAL_RCC_GetHCLKFreq
                0x080026c4        0xc build/stm32f4xx_hal_rcc.o
                0x080026c4                HAL_RCC_GetHCLKFreq
 .text.HAL_RCC_GetPCLK1Freq
                0x080026d0       0x20 build/stm32f4xx_hal_rcc.o
                0x080026d0                HAL_RCC_GetPCLK1Freq
 .text.HAL_RCC_GetPCLK2Freq
                0x080026f0       0x20 build/stm32f4xx_hal_rcc.o
                0x080026f0                HAL_RCC_GetPCLK2Freq
 .text.HAL_NVIC_SetPriorityGrouping
                0x08002710       0x24 build/stm32f4xx_hal_cortex.o
                0x08002710                HAL_NVIC_SetPriorityGrouping
 .text.HAL_NVIC_SetPriority
                0x08002734       0x64 build/stm32f4xx_hal_cortex.o
                0x08002734                HAL_NVIC_SetPriority
 .text.HAL_SYSTICK_Config
                0x08002798       0x2c build/stm32f4xx_hal_cortex.o
                0x08002798                HAL_SYSTICK_Config
 .text.HAL_SYSTICK_CLKSourceConfig
                0x080027c4       0x20 build/stm32f4xx_hal_cortex.o
                0x080027c4                HAL_SYSTICK_CLKSourceConfig
 .text.HAL_SYSTICK_Callback
                0x080027e4        0x4 build/stm32f4xx_hal_cortex.o
                0x080027e4                HAL_SYSTICK_Callback
 .text.HAL_SYSTICK_IRQHandler
                0x080027e8        0x8 build/stm32f4xx_hal_cortex.o
                0x080027e8                HAL_SYSTICK_IRQHandler
 .text.HAL_I2C_Init
                0x080027f0      0x11c build/stm32f4xx_hal_i2c.o
                0x080027f0                HAL_I2C_Init
 .text._ZL14UART_SetConfigP18UART_HandleTypeDef
                0x0800290c      0x32c build/stm32f4xx_hal_uart.o
 .text.HAL_UART_Init
                0x08002c38       0x64 build/stm32f4xx_hal_uart.o
                0x08002c38                HAL_UART_Init
 .text._ZL8ADC_InitP17ADC_HandleTypeDef
                0x08002c9c      0x12c build/stm32f4xx_hal_adc.o
 .text.HAL_ADC_Init
                0x08002dc8       0x54 build/stm32f4xx_hal_adc.o
                0x08002dc8                HAL_ADC_Init
 .text.HAL_ADC_ConfigChannel
                0x08002e1c      0x188 build/stm32f4xx_hal_adc.o
                0x08002e1c                HAL_ADC_ConfigChannel
 .text.HAL_MspInit
                0x08002fa4       0x60 build/stm32f4xx_hal_msp.o
                0x08002fa4                HAL_MspInit
 .text.HAL_ADC_MspInit
                0x08003004       0x48 build/stm32f4xx_hal_msp.o
                0x08003004                HAL_ADC_MspInit
 .text.HAL_I2C_MspInit
                0x0800304c       0x58 build/stm32f4xx_hal_msp.o
                0x0800304c                HAL_I2C_MspInit
 .text.HAL_TIM_Encoder_MspInit
                0x080030a4       0x4c build/stm32f4xx_hal_msp.o
                0x080030a4                HAL_TIM_Encoder_MspInit
 .text.HAL_TIM_PWM_MspInit
                0x080030f0       0xbc build/stm32f4xx_hal_msp.o
                0x080030f0                HAL_TIM_PWM_MspInit
 .text.HAL_TIM_Base_MspInit
                0x080031ac       0x54 build/stm32f4xx_hal_msp.o
                0x080031ac                HAL_TIM_Base_MspInit
 .text._Z19HAL_TIM_MspPostInitP17TIM_HandleTypeDef
                0x08003200       0xac build/stm32f4xx_hal_msp.o
                0x08003200                HAL_TIM_MspPostInit(TIM_HandleTypeDef*)
 .text.HAL_UART_MspInit
                0x080032ac       0x58 build/stm32f4xx_hal_msp.o
                0x080032ac                HAL_UART_MspInit
 .text.NMI_Handler
                0x08003304        0x4 build/stm32f4xx_it.o
                0x08003304                NMI_Handler
 .text.HardFault_Handler
                0x08003308        0x4 build/stm32f4xx_it.o
                0x08003308                HardFault_Handler
 .text.MemManage_Handler
                0x0800330c        0x4 build/stm32f4xx_it.o
                0x0800330c                MemManage_Handler
 .text.BusFault_Handler
                0x08003310        0x4 build/stm32f4xx_it.o
                0x08003310                BusFault_Handler
 .text.UsageFault_Handler
                0x08003314        0x4 build/stm32f4xx_it.o
                0x08003314                UsageFault_Handler
 .text.SVC_Handler
                0x08003318        0x4 build/stm32f4xx_it.o
                0x08003318                SVC_Handler
 .text.DebugMon_Handler
                0x0800331c        0x4 build/stm32f4xx_it.o
                0x0800331c                DebugMon_Handler
 .text.PendSV_Handler
                0x08003320        0x4 build/stm32f4xx_it.o
                0x08003320                PendSV_Handler
 .text.SysTick_Handler
                0x08003324        0xc build/stm32f4xx_it.o
                0x08003324                SysTick_Handler
 .text.SystemInit
                0x08003330       0x4c build/system_stm32f4xx.o
                0x08003330                SystemInit
 .text.Reset_Handler
                0x0800337c       0x50 build/startup_stm32f405xx.o
                0x0800337c                Reset_Handler
 .text.Default_Handler
                0x080033cc        0x2 build/startup_stm32f405xx.o
                0x080033cc                RTC_Alarm_IRQHandler
                0x080033cc                HASH_RNG_IRQHandler
                0x080033cc                EXTI2_IRQHandler
                0x080033cc                TIM8_CC_IRQHandler
                0x080033cc                TIM1_CC_IRQHandler
                0x080033cc                DMA2_Stream5_IRQHandler
                0x080033cc                DMA1_Stream5_IRQHandler
                0x080033cc                PVD_IRQHandler
                0x080033cc                SDIO_IRQHandler
                0x080033cc                TAMP_STAMP_IRQHandler
                0x080033cc                CAN2_RX1_IRQHandler
                0x080033cc                EXTI3_IRQHandler
                0x080033cc                TIM8_TRG_COM_TIM14_IRQHandler
                0x080033cc                TIM1_UP_TIM10_IRQHandler
                0x080033cc                TIM8_UP_TIM13_IRQHandler
                0x080033cc                I2C3_ER_IRQHandler
                0x080033cc                EXTI0_IRQHandler
                0x080033cc                I2C2_EV_IRQHandler
                0x080033cc                DMA1_Stream2_IRQHandler
                0x080033cc                CAN1_RX0_IRQHandler
                0x080033cc                FPU_IRQHandler
                0x080033cc                OTG_HS_WKUP_IRQHandler
                0x080033cc                CAN2_SCE_IRQHandler
                0x080033cc                DMA2_Stream2_IRQHandler
                0x080033cc                SPI1_IRQHandler
                0x080033cc                TIM6_DAC_IRQHandler
                0x080033cc                TIM1_BRK_TIM9_IRQHandler
                0x080033cc                CAN2_RX0_IRQHandler
                0x080033cc                DMA2_Stream3_IRQHandler
                0x080033cc                USART6_IRQHandler
                0x080033cc                USART3_IRQHandler
                0x080033cc                CAN1_RX1_IRQHandler
                0x080033cc                UART5_IRQHandler
                0x080033cc                DMA2_Stream0_IRQHandler
                0x080033cc                TIM4_IRQHandler
                0x080033cc                I2C1_EV_IRQHandler
                0x080033cc                DMA1_Stream6_IRQHandler
                0x080033cc                DMA1_Stream1_IRQHandler
                0x080033cc                UART4_IRQHandler
                0x080033cc                TIM3_IRQHandler
                0x080033cc                RCC_IRQHandler
                0x080033cc                TIM8_BRK_TIM12_IRQHandler
                0x080033cc                Default_Handler
                0x080033cc                EXTI15_10_IRQHandler
                0x080033cc                ADC_IRQHandler
                0x080033cc                DMA1_Stream7_IRQHandler
                0x080033cc                TIM7_IRQHandler
                0x080033cc                CAN2_TX_IRQHandler
                0x080033cc                TIM5_IRQHandler
                0x080033cc                DMA2_Stream7_IRQHandler
                0x080033cc                I2C3_EV_IRQHandler
                0x080033cc                EXTI9_5_IRQHandler
                0x080033cc                RTC_WKUP_IRQHandler
                0x080033cc                SPI2_IRQHandler
                0x080033cc                OTG_HS_EP1_IN_IRQHandler
                0x080033cc                DMA1_Stream0_IRQHandler
                0x080033cc                CAN1_TX_IRQHandler
                0x080033cc                EXTI4_IRQHandler
                0x080033cc                FSMC_IRQHandler
                0x080033cc                OTG_HS_EP1_OUT_IRQHandler
                0x080033cc                WWDG_IRQHandler
                0x080033cc                TIM2_IRQHandler
                0x080033cc                OTG_FS_WKUP_IRQHandler
                0x080033cc                TIM1_TRG_COM_TIM11_IRQHandler
                0x080033cc                OTG_HS_IRQHandler
                0x080033cc                EXTI1_IRQHandler
                0x080033cc                USART2_IRQHandler
                0x080033cc                I2C2_ER_IRQHandler
                0x080033cc                DMA2_Stream1_IRQHandler
                0x080033cc                CAN1_SCE_IRQHandler
                0x080033cc                FLASH_IRQHandler
                0x080033cc                DMA2_Stream4_IRQHandler
                0x080033cc                USART1_IRQHandler
                0x080033cc                OTG_FS_IRQHandler
                0x080033cc                SPI3_IRQHandler
                0x080033cc                DMA1_Stream4_IRQHandler
                0x080033cc                I2C1_ER_IRQHandler
                0x080033cc                DMA2_Stream6_IRQHandler
                0x080033cc                DMA1_Stream3_IRQHandler
 .text.abort    0x080033ce        0xe c:/users/wako/workspace/tools/gnutoolsarmembedded/5.42016q3/bin/../lib/gcc/arm-none-eabi/5.4.1/../../../../arm-none-eabi/lib/armv7e-m/fpu\libc_nano.a(lib_a-abort.o)
                0x080033ce                abort
 .text.__libc_init_array
                0x080033dc       0x4c c:/users/wako/workspace/tools/gnutoolsarmembedded/5.42016q3/bin/../lib/gcc/arm-none-eabi/5.4.1/../../../../arm-none-eabi/lib/armv7e-m/fpu\libc_nano.a(lib_a-init.o)
                0x080033dc                __libc_init_array
 .text.memcpy   0x08003428       0x16 c:/users/wako/workspace/tools/gnutoolsarmembedded/5.42016q3/bin/../lib/gcc/arm-none-eabi/5.4.1/../../../../arm-none-eabi/lib/armv7e-m/fpu\libc_nano.a(lib_a-memcpy-stub.o)
                0x08003428                memcpy
 .text._raise_r
                0x0800343e       0x54 c:/users/wako/workspace/tools/gnutoolsarmembedded/5.42016q3/bin/../lib/gcc/arm-none-eabi/5.4.1/../../../../arm-none-eabi/lib/armv7e-m/fpu\libc_nano.a(lib_a-signal.o)
                0x0800343e                _raise_r
 *fill*         0x08003492        0x2 
 .text.raise    0x08003494       0x10 c:/users/wako/workspace/tools/gnutoolsarmembedded/5.42016q3/bin/../lib/gcc/arm-none-eabi/5.4.1/../../../../arm-none-eabi/lib/armv7e-m/fpu\libc_nano.a(lib_a-signal.o)
                0x08003494                raise
 .text._kill_r  0x080034a4       0x24 c:/users/wako/workspace/tools/gnutoolsarmembedded/5.42016q3/bin/../lib/gcc/arm-none-eabi/5.4.1/../../../../arm-none-eabi/lib/armv7e-m/fpu\libc_nano.a(lib_a-signalr.o)
                0x080034a4                _kill_r
 .text._getpid_r
                0x080034c8        0x4 c:/users/wako/workspace/tools/gnutoolsarmembedded/5.42016q3/bin/../lib/gcc/arm-none-eabi/5.4.1/../../../../arm-none-eabi/lib/armv7e-m/fpu\libc_nano.a(lib_a-signalr.o)
                0x080034c8                _getpid_r
 .text._getpid  0x080034cc       0x10 c:/users/wako/workspace/tools/gnutoolsarmembedded/5.42016q3/bin/../lib/gcc/arm-none-eabi/5.4.1/../../../../arm-none-eabi/lib/armv7e-m/fpu\libnosys.a(getpid.o)
                0x080034cc                _getpid
 .text._kill    0x080034dc       0x10 c:/users/wako/workspace/tools/gnutoolsarmembedded/5.42016q3/bin/../lib/gcc/arm-none-eabi/5.4.1/../../../../arm-none-eabi/lib/armv7e-m/fpu\libnosys.a(kill.o)
                0x080034dc                _kill
 .text._exit    0x080034ec        0x4 c:/users/wako/workspace/tools/gnutoolsarmembedded/5.42016q3/bin/../lib/gcc/arm-none-eabi/5.4.1/../../../../arm-none-eabi/lib/armv7e-m/fpu\libnosys.a(_exit.o)
                0x080034ec                _exit
 *(.glue_7)
 .glue_7        0x080034f0        0x0 linker stubs
 *(.glue_7t)
 .glue_7t       0x080034f0        0x0 linker stubs
 *(.eh_frame)
 .eh_frame      0x080034f0        0x0 c:/users/wako/workspace/tools/gnutoolsarmembedded/5.42016q3/bin/../lib/gcc/arm-none-eabi/5.4.1/armv7e-m/fpu/crtbegin.o
 *(.init)
 .init          0x080034f0        0x4 c:/users/wako/workspace/tools/gnutoolsarmembedded/5.42016q3/bin/../lib/gcc/arm-none-eabi/5.4.1/armv7e-m/fpu/crti.o
                0x080034f0                _init
 .init          0x080034f4        0x8 c:/users/wako/workspace/tools/gnutoolsarmembedded/5.42016q3/bin/../lib/gcc/arm-none-eabi/5.4.1/armv7e-m/fpu/crtn.o
 *(.fini)
 .fini          0x080034fc        0x4 c:/users/wako/workspace/tools/gnutoolsarmembedded/5.42016q3/bin/../lib/gcc/arm-none-eabi/5.4.1/armv7e-m/fpu/crti.o
                0x080034fc                _fini
 .fini          0x08003500        0x8 c:/users/wako/workspace/tools/gnutoolsarmembedded/5.42016q3/bin/../lib/gcc/arm-none-eabi/5.4.1/armv7e-m/fpu/crtn.o
                0x08003508                . = ALIGN (0x4)
                0x08003508                _etext = .

.vfp11_veneer   0x08003508        0x0
 .vfp11_veneer  0x08003508        0x0 linker stubs

.v4_bx          0x08003508        0x0
 .v4_bx         0x08003508        0x0 linker stubs

.iplt           0x08003508        0x0
 .iplt          0x08003508        0x0 c:/users/wako/workspace/tools/gnutoolsarmembedded/5.42016q3/bin/../lib/gcc/arm-none-eabi/5.4.1/armv7e-m/fpu/crtbegin.o

.rodata         0x08003508       0x28
                0x08003508                . = ALIGN (0x4)
 *(.rodata)
 *(.rodata*)
 .rodata.str1.4
                0x08003508       0x10 build/main.o
                                  0xd (size before relaxing)
 .rodata.AHBPrescTable
                0x08003518       0x10 build/system_stm32f4xx.o
                0x08003518                AHBPrescTable
 .rodata.APBPrescTable
                0x08003528        0x8 build/system_stm32f4xx.o
                0x08003528                APBPrescTable
                0x08003530                . = ALIGN (0x4)

.ARM.extab      0x08003530       0x84
 *(.ARM.extab* .gnu.linkonce.armextab.*)
 .ARM.extab.text._ZL12MX_I2C2_Initv
                0x08003530        0xc build/main.o
 .ARM.extab.text._ZL19MX_USART1_UART_Initv
                0x0800353c        0xc build/main.o
 .ARM.extab.text._ZL13MX_TIM13_Initv
                0x08003548        0xc build/main.o
 .ARM.extab.text._ZL13MX_TIM14_Initv
                0x08003554        0xc build/main.o
 .ARM.extab.text.main
                0x08003560        0xc build/main.o
 .ARM.extab.text.HAL_Init
                0x0800356c        0xc build/stm32f4xx_hal.o
 .ARM.extab.text.HAL_SYSTICK_IRQHandler
                0x08003578        0xc build/stm32f4xx_hal_cortex.o
 .ARM.extab.text.HAL_MspInit
                0x08003584        0xc build/stm32f4xx_hal_msp.o
 .ARM.extab.text.SysTick_Handler
                0x08003590        0xc build/stm32f4xx_it.o
 .ARM.extab     0x0800359c       0x18 c:/users/wako/workspace/tools/gnutoolsarmembedded/5.42016q3/bin/../lib/gcc/arm-none-eabi/5.4.1/armv7e-m/fpu\libgcc.a(pr-support.o)

.ARM            0x080035b4      0x1f8
                0x080035b4                __exidx_start = .
 *(.ARM.exidx*)
 .ARM.exidx.text._ZL12MX_GPIO_Initv
                0x0800366c        0x8 build/main.o
 .ARM.exidx.text._Error_Handler
                0x08003674        0x8 build/main.o
 .ARM.exidx.text._ZL12MX_I2C2_Initv
                0x0800367c        0x8 build/main.o
 .ARM.exidx.text._ZL12MX_ADC1_Initv
                0x08003684        0x8 build/main.o
 .ARM.exidx.text._ZL12MX_TIM2_Initv
                0x0800368c        0x8 build/main.o
 .ARM.exidx.text._ZL12MX_TIM5_Initv
                0x08003694        0x8 build/main.o
 .ARM.exidx.text._ZL12MX_TIM8_Initv
                0x0800369c        0x8 build/main.o
 .ARM.exidx.text._ZL12MX_TIM3_Initv
                0x080036a4        0x8 build/main.o
 .ARM.exidx.text._ZL19MX_USART1_UART_Initv
                0x080036ac        0x8 build/main.o
 .ARM.exidx.text._ZL13MX_TIM13_Initv
                0x080036b4        0x8 build/main.o
 .ARM.exidx.text._ZL13MX_TIM14_Initv
                0x080036bc        0x8 build/main.o
 .ARM.exidx.text._ZL12MX_TIM4_Initv
                0x080036c4        0x8 build/main.o
 .ARM.exidx.text._Z18SystemClock_Configv
                0x080036cc        0x8 build/main.o
 .ARM.exidx.text.main
                0x080036d4        0x8 build/main.o
 .ARM.exidx.text.HAL_TIMEx_MasterConfigSynchronization
                0x080036dc        0x8 build/stm32f4xx_hal_tim_ex.o
 .ARM.exidx.text.HAL_TIMEx_ConfigBreakDeadTime
                0x080036e4        0x0 build/stm32f4xx_hal_tim_ex.o
                                  0x8 (size before relaxing)
 .ARM.exidx.text._ZL17TIM_OC1_SetConfigP11TIM_TypeDefP18TIM_OC_InitTypeDef
                0x080036e4        0x0 build/stm32f4xx_hal_tim.o
                                  0x8 (size before relaxing)
 .ARM.exidx.text._ZL17TIM_OC3_SetConfigP11TIM_TypeDefP18TIM_OC_InitTypeDef
                0x080036e4        0x0 build/stm32f4xx_hal_tim.o
                                  0x8 (size before relaxing)
 .ARM.exidx.text._ZL17TIM_OC4_SetConfigP11TIM_TypeDefP18TIM_OC_InitTypeDef
                0x080036e4        0x0 build/stm32f4xx_hal_tim.o
                                  0x8 (size before relaxing)
 .ARM.exidx.text.TIM_Base_SetConfig
                0x080036e4        0x0 build/stm32f4xx_hal_tim.o
                                  0x8 (size before relaxing)
 .ARM.exidx.text.HAL_TIM_Base_Init
                0x080036e4        0x8 build/stm32f4xx_hal_tim.o
 .ARM.exidx.text.HAL_TIM_PWM_Init
                0x080036ec        0x0 build/stm32f4xx_hal_tim.o
                                  0x8 (size before relaxing)
 .ARM.exidx.text.HAL_TIM_Encoder_Init
                0x080036ec        0x8 build/stm32f4xx_hal_tim.o
 .ARM.exidx.text.TIM_OC2_SetConfig
                0x080036f4        0x8 build/stm32f4xx_hal_tim.o
 .ARM.exidx.text.HAL_TIM_PWM_ConfigChannel
                0x080036fc        0x0 build/stm32f4xx_hal_tim.o
                                  0x8 (size before relaxing)
 .ARM.exidx.text.HAL_InitTick
                0x080036fc        0x8 build/stm32f4xx_hal.o
 .ARM.exidx.text.HAL_Init
                0x08003704        0x8 build/stm32f4xx_hal.o
 .ARM.exidx.text.HAL_IncTick
                0x0800370c        0x8 build/stm32f4xx_hal.o
 .ARM.exidx.text.HAL_GetTick
                0x08003714        0x0 build/stm32f4xx_hal.o
                                  0x8 (size before relaxing)
 .ARM.exidx.text.HAL_GPIO_Init
                0x08003714        0x0 build/stm32f4xx_hal_gpio.o
                                  0x8 (size before relaxing)
 .ARM.exidx.text.HAL_GPIO_WritePin
                0x08003714        0x0 build/stm32f4xx_hal_gpio.o
                                  0x8 (size before relaxing)
 .ARM.exidx.text.HAL_RCC_OscConfig
                0x08003714        0x8 build/stm32f4xx_hal_rcc.o
 .ARM.exidx.text.HAL_RCC_GetSysClockFreq
                0x0800371c        0x8 build/stm32f4xx_hal_rcc.o
 .ARM.exidx.text.HAL_RCC_ClockConfig
                0x08003724        0x8 build/stm32f4xx_hal_rcc.o
 .ARM.exidx.text.HAL_RCC_GetHCLKFreq
                0x0800372c        0x8 build/stm32f4xx_hal_rcc.o
 .ARM.exidx.text.HAL_RCC_GetPCLK1Freq
                0x08003734        0x0 build/stm32f4xx_hal_rcc.o
                                  0x8 (size before relaxing)
 .ARM.exidx.text.HAL_RCC_GetPCLK2Freq
                0x08003734        0x0 build/stm32f4xx_hal_rcc.o
                                  0x8 (size before relaxing)
 .ARM.exidx.text.HAL_NVIC_SetPriorityGrouping
                0x08003734        0x0 build/stm32f4xx_hal_cortex.o
                                  0x8 (size before relaxing)
 .ARM.exidx.text.HAL_NVIC_SetPriority
                0x08003734        0x0 build/stm32f4xx_hal_cortex.o
                                  0x8 (size before relaxing)
 .ARM.exidx.text.HAL_SYSTICK_Config
                0x08003734        0x0 build/stm32f4xx_hal_cortex.o
                                  0x8 (size before relaxing)
 .ARM.exidx.text.HAL_SYSTICK_CLKSourceConfig
                0x08003734        0x0 build/stm32f4xx_hal_cortex.o
                                  0x8 (size before relaxing)
 .ARM.exidx.text.HAL_SYSTICK_Callback
                0x08003734        0x0 build/stm32f4xx_hal_cortex.o
                                  0x8 (size before relaxing)
 .ARM.exidx.text.HAL_SYSTICK_IRQHandler
                0x08003734        0x8 build/stm32f4xx_hal_cortex.o
 .ARM.exidx.text.HAL_I2C_Init
                0x0800373c        0x8 build/stm32f4xx_hal_i2c.o
 .ARM.exidx.text._ZL14UART_SetConfigP18UART_HandleTypeDef
                0x08003744        0x8 build/stm32f4xx_hal_uart.o
 .ARM.exidx.text.HAL_UART_Init
                0x0800374c        0x8 build/stm32f4xx_hal_uart.o
 .ARM.exidx.text._ZL8ADC_InitP17ADC_HandleTypeDef
                0x08003754        0x8 build/stm32f4xx_hal_adc.o
 .ARM.exidx.text.HAL_ADC_Init
                0x0800375c        0x8 build/stm32f4xx_hal_adc.o
 .ARM.exidx.text.HAL_ADC_ConfigChannel
                0x08003764        0x8 build/stm32f4xx_hal_adc.o
 .ARM.exidx.text.HAL_MspInit
                0x0800376c        0x8 build/stm32f4xx_hal_msp.o
 .ARM.exidx.text.HAL_ADC_MspInit
                0x08003774        0x8 build/stm32f4xx_hal_msp.o
 .ARM.exidx.text.HAL_I2C_MspInit
                0x0800377c        0x0 build/stm32f4xx_hal_msp.o
                                  0x8 (size before relaxing)
 .ARM.exidx.text.HAL_TIM_Encoder_MspInit
                0x0800377c        0x0 build/stm32f4xx_hal_msp.o
                                  0x8 (size before relaxing)
 .ARM.exidx.text.HAL_TIM_PWM_MspInit
                0x0800377c        0x8 build/stm32f4xx_hal_msp.o
 .ARM.exidx.text.HAL_TIM_Base_MspInit
                0x08003784        0x8 build/stm32f4xx_hal_msp.o
 .ARM.exidx.text._Z19HAL_TIM_MspPostInitP17TIM_HandleTypeDef
                0x0800378c        0x8 build/stm32f4xx_hal_msp.o
 .ARM.exidx.text.HAL_UART_MspInit
                0x08003794        0x0 build/stm32f4xx_hal_msp.o
                                  0x8 (size before relaxing)
 .ARM.exidx.text.NMI_Handler
                0x08003794        0x8 build/stm32f4xx_it.o
 .ARM.exidx.text.HardFault_Handler
                0x0800379c        0x0 build/stm32f4xx_it.o
                                  0x8 (size before relaxing)
 .ARM.exidx.text.MemManage_Handler
                0x0800379c        0x0 build/stm32f4xx_it.o
                                  0x8 (size before relaxing)
 .ARM.exidx.text.BusFault_Handler
                0x0800379c        0x0 build/stm32f4xx_it.o
                                  0x8 (size before relaxing)
 .ARM.exidx.text.UsageFault_Handler
                0x0800379c        0x0 build/stm32f4xx_it.o
                                  0x8 (size before relaxing)
 .ARM.exidx.text.SVC_Handler
                0x0800379c        0x0 build/stm32f4xx_it.o
                                  0x8 (size before relaxing)
 .ARM.exidx.text.DebugMon_Handler
                0x0800379c        0x0 build/stm32f4xx_it.o
                                  0x8 (size before relaxing)
 .ARM.exidx.text.PendSV_Handler
                0x0800379c        0x0 build/stm32f4xx_it.o
                                  0x8 (size before relaxing)
 .ARM.exidx.text.SysTick_Handler
                0x0800379c        0x8 build/stm32f4xx_it.o
 .ARM.exidx.text.SystemInit
                0x080037a4        0x8 build/system_stm32f4xx.o
 .ARM.exidx     0x080035b4        0x8 c:/users/wako/workspace/tools/gnutoolsarmembedded/5.42016q3/bin/../lib/gcc/arm-none-eabi/5.4.1/armv7e-m/fpu\libgcc.a(_udivmoddi4.o)
 .ARM.exidx     0x080035bc       0x78 c:/users/wako/workspace/tools/gnutoolsarmembedded/5.42016q3/bin/../lib/gcc/arm-none-eabi/5.4.1/armv7e-m/fpu\libgcc.a(unwind-arm.o)
                                 0xd8 (size before relaxing)
 .ARM.exidx     0x08003634       0x38 c:/users/wako/workspace/tools/gnutoolsarmembedded/5.42016q3/bin/../lib/gcc/arm-none-eabi/5.4.1/armv7e-m/fpu\libgcc.a(pr-support.o)
                                 0x48 (size before relaxing)
                0x080037ac                __exidx_end = .

.rel.dyn        0x080037ac        0x0
 .rel.iplt      0x080037ac        0x0 c:/users/wako/workspace/tools/gnutoolsarmembedded/5.42016q3/bin/../lib/gcc/arm-none-eabi/5.4.1/armv7e-m/fpu/crtbegin.o

.preinit_array  0x080037ac        0x0
                0x080037ac                PROVIDE (__preinit_array_start, .)
 *(.preinit_array*)
                0x080037ac                PROVIDE (__preinit_array_end, .)

.init_array     0x080037ac        0x4
                0x080037ac                PROVIDE (__init_array_start, .)
 *(SORT(.init_array.*))
 *(.init_array*)
 .init_array    0x080037ac        0x4 c:/users/wako/workspace/tools/gnutoolsarmembedded/5.42016q3/bin/../lib/gcc/arm-none-eabi/5.4.1/armv7e-m/fpu/crtbegin.o
                0x080037b0                PROVIDE (__init_array_end, .)

.fini_array     0x080037b0        0x4
                [!provide]                PROVIDE (__fini_array_start, .)
 *(SORT(.fini_array.*))
 *(.fini_array*)
 .fini_array    0x080037b0        0x4 c:/users/wako/workspace/tools/gnutoolsarmembedded/5.42016q3/bin/../lib/gcc/arm-none-eabi/5.4.1/armv7e-m/fpu/crtbegin.o
                [!provide]                PROVIDE (__fini_array_end, .)
                0x080037b4                _sidata = LOADADDR (.data)

.data           0x20000000       0x70 load address 0x080037b4
                0x20000000                . = ALIGN (0x4)
                0x20000000                _sdata = .
 *(.data)
 *(.data*)
 .data.uwTickPrio
                0x20000000        0x4 build/stm32f4xx_hal.o
                0x20000000                uwTickPrio
 .data.uwTickFreq
                0x20000004        0x1 build/stm32f4xx_hal.o
                0x20000004                uwTickFreq
 *fill*         0x20000005        0x3 
 .data.SystemCoreClock
                0x20000008        0x4 build/system_stm32f4xx.o
                0x20000008                SystemCoreClock
 .data.impure_data
                0x2000000c       0x60 c:/users/wako/workspace/tools/gnutoolsarmembedded/5.42016q3/bin/../lib/gcc/arm-none-eabi/5.4.1/../../../../arm-none-eabi/lib/armv7e-m/fpu\libc_nano.a(lib_a-impure.o)
 .data._impure_ptr
                0x2000006c        0x4 c:/users/wako/workspace/tools/gnutoolsarmembedded/5.42016q3/bin/../lib/gcc/arm-none-eabi/5.4.1/../../../../arm-none-eabi/lib/armv7e-m/fpu\libc_nano.a(lib_a-impure.o)
                0x2000006c                _impure_ptr
                0x20000070                . = ALIGN (0x4)
                0x20000070                _edata = .
                0x08003824                _siccmram = LOADADDR (.ccmram)

.jcr            0x20000070        0x0 load address 0x08003824
 .jcr           0x20000070        0x0 c:/users/wako/workspace/tools/gnutoolsarmembedded/5.42016q3/bin/../lib/gcc/arm-none-eabi/5.4.1/armv7e-m/fpu/crtbegin.o

.igot.plt       0x20000070        0x0 load address 0x08003824
 .igot.plt      0x20000070        0x0 c:/users/wako/workspace/tools/gnutoolsarmembedded/5.42016q3/bin/../lib/gcc/arm-none-eabi/5.4.1/armv7e-m/fpu/crtbegin.o

.ccmram         0x10000000        0x0 load address 0x08003824
                0x10000000                . = ALIGN (0x4)
                0x10000000                _sccmram = .
 *(.ccmram)
 *(.ccmram*)
                0x10000000                . = ALIGN (0x4)
                0x10000000                _eccmram = .
                0x10000000                . = ALIGN (0x4)

.bss            0x20000070      0x2a4
                0x20000070                _sbss = .
                0x20000070                __bss_start__ = _sbss
 *(.bss)
 .bss           0x20000070       0x1c c:/users/wako/workspace/tools/gnutoolsarmembedded/5.42016q3/bin/../lib/gcc/arm-none-eabi/5.4.1/armv7e-m/fpu/crtbegin.o
 *(.bss*)
 .bss.hi2c2     0x2000008c       0x54 build/main.o
                0x2000008c                hi2c2
 .bss.hadc1     0x200000e0       0x48 build/main.o
                0x200000e0                hadc1
 .bss.htim13    0x20000128       0x3c build/main.o
                0x20000128                htim13
 .bss.htim14    0x20000164       0x3c build/main.o
                0x20000164                htim14
 .bss.htim2     0x200001a0       0x3c build/main.o
                0x200001a0                htim2
 .bss.htim3     0x200001dc       0x3c build/main.o
                0x200001dc                htim3
 .bss.htim4     0x20000218       0x3c build/main.o
                0x20000218                htim4
 .bss.htim5     0x20000254       0x3c build/main.o
                0x20000254                htim5
 .bss.htim8     0x20000290       0x3c build/main.o
                0x20000290                htim8
 .bss.huart1    0x200002cc       0x40 build/main.o
                0x200002cc                huart1
 .bss.uwTick    0x2000030c        0x4 build/stm32f4xx_hal.o
                0x2000030c                uwTick
 *(COMMON)
 COMMON         0x20000310        0x4 c:/users/wako/workspace/tools/gnutoolsarmembedded/5.42016q3/bin/../lib/gcc/arm-none-eabi/5.4.1/../../../../arm-none-eabi/lib/armv7e-m/fpu\libc_nano.a(lib_a-reent.o)
                0x20000310                errno
                0x20000314                . = ALIGN (0x4)
                0x20000314                _ebss = .
                0x20000314                __bss_end__ = _ebss

._user_heap_stack
                0x20000314      0x604
                0x20000318                . = ALIGN (0x8)
 *fill*         0x20000314        0x4 
                0x20000318                PROVIDE (end, .)
                [!provide]                PROVIDE (_end, .)
                0x20000518                . = (. + _Min_Heap_Size)
 *fill*         0x20000318      0x200 
                0x20000918                . = (. + _Min_Stack_Size)
 *fill*         0x20000518      0x400 
                0x20000918                . = ALIGN (0x8)

/DISCARD/
 libc.a(*)
 libm.a(*)
 libgcc.a(*)

.ARM.attributes
                0x00000000       0x30
 *(.ARM.attributes)
 .ARM.attributes
                0x00000000       0x22 c:/users/wako/workspace/tools/gnutoolsarmembedded/5.42016q3/bin/../lib/gcc/arm-none-eabi/5.4.1/armv7e-m/fpu/crti.o
 .ARM.attributes
                0x00000022       0x34 c:/users/wako/workspace/tools/gnutoolsarmembedded/5.42016q3/bin/../lib/gcc/arm-none-eabi/5.4.1/armv7e-m/fpu/crtbegin.o
 .ARM.attributes
                0x00000056       0x39 build/main.o
 .ARM.attributes
                0x0000008f       0x39 build/stm32f4xx_hal_tim_ex.o
 .ARM.attributes
                0x000000c8       0x39 build/stm32f4xx_hal_tim.o
 .ARM.attributes
                0x00000101       0x39 build/stm32f4xx_hal.o
 .ARM.attributes
                0x0000013a       0x39 build/stm32f4xx_hal_gpio.o
 .ARM.attributes
                0x00000173       0x39 build/stm32f4xx_hal_rcc.o
 .ARM.attributes
                0x000001ac       0x39 build/stm32f4xx_hal_cortex.o
 .ARM.attributes
                0x000001e5       0x39 build/stm32f4xx_hal_i2c.o
 .ARM.attributes
                0x0000021e       0x39 build/stm32f4xx_hal_uart.o
 .ARM.attributes
                0x00000257       0x39 build/stm32f4xx_hal_adc.o
 .ARM.attributes
                0x00000290       0x39 build/stm32f4xx_hal_msp.o
 .ARM.attributes
                0x000002c9       0x39 build/stm32f4xx_it.o
 .ARM.attributes
                0x00000302       0x39 build/system_stm32f4xx.o
 .ARM.attributes
                0x0000033b       0x21 build/startup_stm32f405xx.o
 .ARM.attributes
                0x0000035c       0x22 c:/users/wako/workspace/tools/gnutoolsarmembedded/5.42016q3/bin/../lib/gcc/arm-none-eabi/5.4.1/armv7e-m/fpu\libgcc.a(_aeabi_uldivmod.o)
 .ARM.attributes
                0x0000037e       0x34 c:/users/wako/workspace/tools/gnutoolsarmembedded/5.42016q3/bin/../lib/gcc/arm-none-eabi/5.4.1/armv7e-m/fpu\libgcc.a(_udivmoddi4.o)
 .ARM.attributes
                0x000003b2       0x22 c:/users/wako/workspace/tools/gnutoolsarmembedded/5.42016q3/bin/../lib/gcc/arm-none-eabi/5.4.1/armv7e-m/fpu\libgcc.a(_dvmd_tls.o)
 .ARM.attributes
                0x000003d4       0x34 c:/users/wako/workspace/tools/gnutoolsarmembedded/5.42016q3/bin/../lib/gcc/arm-none-eabi/5.4.1/../../../../arm-none-eabi/lib/armv7e-m/fpu\libc_nano.a(lib_a-init.o)
 .ARM.attributes
                0x00000408       0x22 c:/users/wako/workspace/tools/gnutoolsarmembedded/5.42016q3/bin/../lib/gcc/arm-none-eabi/5.4.1/armv7e-m/fpu/crtn.o
OUTPUT(build/f405_test.elf elf32-littlearm)

.debug_info     0x00000000    0x12142
 .debug_info    0x00000000     0x3666 build/main.o
 .debug_info    0x00003666     0x1425 build/stm32f4xx_hal_tim_ex.o
 .debug_info    0x00004a8b     0x30c3 build/stm32f4xx_hal_tim.o
 .debug_info    0x00007b4e      0xa8c build/stm32f4xx_hal.o
 .debug_info    0x000085da      0x7dc build/stm32f4xx_hal_gpio.o
 .debug_info    0x00008db6      0xb48 build/stm32f4xx_hal_rcc.o
 .debug_info    0x000098fe      0xfd3 build/stm32f4xx_hal_cortex.o
 .debug_info    0x0000a8d1     0x3034 build/stm32f4xx_hal_i2c.o
 .debug_info    0x0000d905     0x180f build/stm32f4xx_hal_uart.o
 .debug_info    0x0000f114      0xed4 build/stm32f4xx_hal_adc.o
 .debug_info    0x0000ffe8     0x193f build/stm32f4xx_hal_msp.o
 .debug_info    0x00011927      0x192 build/stm32f4xx_it.o
 .debug_info    0x00011ab9      0x621 build/system_stm32f4xx.o
 .debug_info    0x000120da       0x68 build/startup_stm32f405xx.o

.debug_abbrev   0x00000000     0x1ee7
 .debug_abbrev  0x00000000      0x4bf build/main.o
 .debug_abbrev  0x000004bf      0x24f build/stm32f4xx_hal_tim_ex.o
 .debug_abbrev  0x0000070e      0x265 build/stm32f4xx_hal_tim.o
 .debug_abbrev  0x00000973      0x213 build/stm32f4xx_hal.o
 .debug_abbrev  0x00000b86      0x201 build/stm32f4xx_hal_gpio.o
 .debug_abbrev  0x00000d87      0x284 build/stm32f4xx_hal_rcc.o
 .debug_abbrev  0x0000100b      0x305 build/stm32f4xx_hal_cortex.o
 .debug_abbrev  0x00001310      0x27f build/stm32f4xx_hal_i2c.o
 .debug_abbrev  0x0000158f      0x2b1 build/stm32f4xx_hal_uart.o
 .debug_abbrev  0x00001840      0x26f build/stm32f4xx_hal_adc.o
 .debug_abbrev  0x00001aaf      0x239 build/stm32f4xx_hal_msp.o
 .debug_abbrev  0x00001ce8       0xc7 build/stm32f4xx_it.o
 .debug_abbrev  0x00001daf      0x126 build/system_stm32f4xx.o
 .debug_abbrev  0x00001ed5       0x12 build/startup_stm32f405xx.o

.debug_loc      0x00000000     0xc314
 .debug_loc     0x00000000      0x263 build/main.o
 .debug_loc     0x00000263     0x1200 build/stm32f4xx_hal_tim_ex.o
 .debug_loc     0x00001463     0x3cb0 build/stm32f4xx_hal_tim.o
 .debug_loc     0x00005113      0x1a8 build/stm32f4xx_hal.o
 .debug_loc     0x000052bb      0x463 build/stm32f4xx_hal_gpio.o
 .debug_loc     0x0000571e      0x532 build/stm32f4xx_hal_rcc.o
 .debug_loc     0x00005c50      0x5c0 build/stm32f4xx_hal_cortex.o
 .debug_loc     0x00006210     0x3890 build/stm32f4xx_hal_i2c.o
 .debug_loc     0x00009aa0     0x1834 build/stm32f4xx_hal_uart.o
 .debug_loc     0x0000b2d4      0xa7c build/stm32f4xx_hal_adc.o
 .debug_loc     0x0000bd50      0x472 build/stm32f4xx_hal_msp.o
 .debug_loc     0x0000c1c2       0x20 build/stm32f4xx_it.o
 .debug_loc     0x0000c1e2      0x132 build/system_stm32f4xx.o

.debug_aranges  0x00000000      0xdf0
 .debug_aranges
                0x00000000       0x88 build/main.o
 .debug_aranges
                0x00000088      0x140 build/stm32f4xx_hal_tim_ex.o
 .debug_aranges
                0x000001c8      0x368 build/stm32f4xx_hal_tim.o
 .debug_aranges
                0x00000530       0xe0 build/stm32f4xx_hal.o
 .debug_aranges
                0x00000610       0x58 build/stm32f4xx_hal_gpio.o
 .debug_aranges
                0x00000668       0x88 build/stm32f4xx_hal_rcc.o
 .debug_aranges
                0x000006f0       0xa8 build/stm32f4xx_hal_cortex.o
 .debug_aranges
                0x00000798      0x268 build/stm32f4xx_hal_i2c.o
 .debug_aranges
                0x00000a00      0x1d0 build/stm32f4xx_hal_uart.o
 .debug_aranges
                0x00000bd0       0xe8 build/stm32f4xx_hal_adc.o
 .debug_aranges
                0x00000cb8       0x88 build/stm32f4xx_hal_msp.o
 .debug_aranges
                0x00000d40       0x60 build/stm32f4xx_it.o
 .debug_aranges
                0x00000da0       0x28 build/system_stm32f4xx.o
 .debug_aranges
                0x00000dc8       0x28 build/startup_stm32f405xx.o

.debug_ranges   0x00000000      0xd30
 .debug_ranges  0x00000000       0x78 build/main.o
 .debug_ranges  0x00000078      0x130 build/stm32f4xx_hal_tim_ex.o
 .debug_ranges  0x000001a8      0x358 build/stm32f4xx_hal_tim.o
 .debug_ranges  0x00000500       0xd0 build/stm32f4xx_hal.o
 .debug_ranges  0x000005d0       0x48 build/stm32f4xx_hal_gpio.o
 .debug_ranges  0x00000618       0x90 build/stm32f4xx_hal_rcc.o
 .debug_ranges  0x000006a8       0x98 build/stm32f4xx_hal_cortex.o
 .debug_ranges  0x00000740      0x258 build/stm32f4xx_hal_i2c.o
 .debug_ranges  0x00000998      0x1c0 build/stm32f4xx_hal_uart.o
 .debug_ranges  0x00000b58       0xd8 build/stm32f4xx_hal_adc.o
 .debug_ranges  0x00000c30       0x78 build/stm32f4xx_hal_msp.o
 .debug_ranges  0x00000ca8       0x50 build/stm32f4xx_it.o
 .debug_ranges  0x00000cf8       0x18 build/system_stm32f4xx.o
 .debug_ranges  0x00000d10       0x20 build/startup_stm32f405xx.o

.debug_line     0x00000000     0x5cc9
 .debug_line    0x00000000      0x6c9 build/main.o
 .debug_line    0x000006c9      0x7af build/stm32f4xx_hal_tim_ex.o
 .debug_line    0x00000e78     0x11a1 build/stm32f4xx_hal_tim.o
 .debug_line    0x00002019      0x3e0 build/stm32f4xx_hal.o
 .debug_line    0x000023f9      0x35c build/stm32f4xx_hal_gpio.o
 .debug_line    0x00002755      0x4bb build/stm32f4xx_hal_rcc.o
 .debug_line    0x00002c10      0x3db build/stm32f4xx_hal_cortex.o
 .debug_line    0x00002feb     0x1344 build/stm32f4xx_hal_i2c.o
 .debug_line    0x0000432f      0xae3 build/stm32f4xx_hal_uart.o
 .debug_line    0x00004e12      0x6ab build/stm32f4xx_hal_adc.o
 .debug_line    0x000054bd      0x3ab build/stm32f4xx_hal_msp.o
 .debug_line    0x00005868      0x208 build/stm32f4xx_it.o
 .debug_line    0x00005a70      0x1e5 build/system_stm32f4xx.o
 .debug_line    0x00005c55       0x74 build/startup_stm32f405xx.o

.debug_str      0x00000000     0x54bb
 .debug_str     0x00000000     0x2a1d build/main.o
                               0x2e65 (size before relaxing)
 .debug_str     0x00002a1d      0x4c8 build/stm32f4xx_hal_tim_ex.o
                                0xdc1 (size before relaxing)
 .debug_str     0x00002ee5      0xb5e build/stm32f4xx_hal_tim.o
                               0x1543 (size before relaxing)
 .debug_str     0x00003a43      0x347 build/stm32f4xx_hal.o
                                0xc12 (size before relaxing)
 .debug_str     0x00003d8a      0x12b build/stm32f4xx_hal_gpio.o
                                0x589 (size before relaxing)
 .debug_str     0x00003eb5      0x193 build/stm32f4xx_hal_rcc.o
                                0x7cc (size before relaxing)
 .debug_str     0x00004048      0x39f build/stm32f4xx_hal_cortex.o
                                0xc70 (size before relaxing)
 .debug_str     0x000043e7      0x7e7 build/stm32f4xx_hal_i2c.o
                               0x1025 (size before relaxing)
 .debug_str     0x00004bce      0x51b build/stm32f4xx_hal_uart.o
                                0xcc0 (size before relaxing)
 .debug_str     0x000050e9      0x2b5 build/stm32f4xx_hal_adc.o
                                0xa7b (size before relaxing)
 .debug_str     0x0000539e       0x38 build/stm32f4xx_hal_msp.o
                               0x1545 (size before relaxing)
 .debug_str     0x000053d6       0xa3 build/stm32f4xx_it.o
                                0x25e (size before relaxing)
 .debug_str     0x00005479       0x42 build/system_stm32f4xx.o
                                0x496 (size before relaxing)

.comment        0x00000000       0x6e
 .comment       0x00000000       0x6e build/main.o
                                 0x6f (size before relaxing)
 .comment       0x0000006e       0x6f build/stm32f4xx_hal_tim_ex.o
 .comment       0x0000006e       0x6f build/stm32f4xx_hal_tim.o
 .comment       0x0000006e       0x6f build/stm32f4xx_hal.o
 .comment       0x0000006e       0x6f build/stm32f4xx_hal_gpio.o
 .comment       0x0000006e       0x6f build/stm32f4xx_hal_rcc.o
 .comment       0x0000006e       0x6f build/stm32f4xx_hal_cortex.o
 .comment       0x0000006e       0x6f build/stm32f4xx_hal_i2c.o
 .comment       0x0000006e       0x6f build/stm32f4xx_hal_uart.o
 .comment       0x0000006e       0x6f build/stm32f4xx_hal_adc.o
 .comment       0x0000006e       0x6f build/stm32f4xx_hal_msp.o
 .comment       0x0000006e       0x6f build/stm32f4xx_it.o
 .comment       0x0000006e       0x6f build/system_stm32f4xx.o

.debug_frame    0x00000000     0x2abc
 .debug_frame   0x00000000      0x1a4 build/main.o
 .debug_frame   0x000001a4      0x430 build/stm32f4xx_hal_tim_ex.o
 .debug_frame   0x000005d4      0xb08 build/stm32f4xx_hal_tim.o
 .debug_frame   0x000010dc      0x1e0 build/stm32f4xx_hal.o
 .debug_frame   0x000012bc       0xd4 build/stm32f4xx_hal_gpio.o
 .debug_frame   0x00001390      0x19c build/stm32f4xx_hal_rcc.o
 .debug_frame   0x0000152c      0x164 build/stm32f4xx_hal_cortex.o
 .debug_frame   0x00001690      0x908 build/stm32f4xx_hal_i2c.o
 .debug_frame   0x00001f98      0x574 build/stm32f4xx_hal_uart.o
 .debug_frame   0x0000250c      0x298 build/stm32f4xx_hal_adc.o
 .debug_frame   0x000027a4      0x1b0 build/stm32f4xx_hal_msp.o
 .debug_frame   0x00002954       0xac build/stm32f4xx_it.o
 .debug_frame   0x00002a00       0x30 build/system_stm32f4xx.o
 .debug_frame   0x00002a30       0x2c c:/users/wako/workspace/tools/gnutoolsarmembedded/5.42016q3/bin/../lib/gcc/arm-none-eabi/5.4.1/armv7e-m/fpu\libgcc.a(_aeabi_uldivmod.o)
 .debug_frame   0x00002a5c       0x34 c:/users/wako/workspace/tools/gnutoolsarmembedded/5.42016q3/bin/../lib/gcc/arm-none-eabi/5.4.1/armv7e-m/fpu\libgcc.a(_udivmoddi4.o)
 .debug_frame   0x00002a90       0x2c c:/users/wako/workspace/tools/gnutoolsarmembedded/5.42016q3/bin/../lib/gcc/arm-none-eabi/5.4.1/../../../../arm-none-eabi/lib/armv7e-m/fpu\libc_nano.a(lib_a-init.o)

.stabstr        0x00000000       0x76
 .stabstr       0x00000000       0x76 c:/users/wako/workspace/tools/gnutoolsarmembedded/5.42016q3/bin/../lib/gcc/arm-none-eabi/5.4.1/../../../../arm-none-eabi/lib/armv7e-m/fpu\libnosys.a(getpid.o)

Cross Reference Table

Symbol                                            File
ADC_IRQHandler                                    build/startup_stm32f405xx.o
AHBPrescTable                                     build/system_stm32f4xx.o
                                                  build/stm32f4xx_hal_rcc.o
APBPrescTable                                     build/system_stm32f4xx.o
                                                  build/stm32f4xx_hal_rcc.o
BusFault_Handler                                  build/stm32f4xx_it.o
CAN1_RX0_IRQHandler                               build/startup_stm32f405xx.o
CAN1_RX1_IRQHandler                               build/startup_stm32f405xx.o
CAN1_SCE_IRQHandler                               build/startup_stm32f405xx.o
CAN1_TX_IRQHandler                                build/startup_stm32f405xx.o
CAN2_RX0_IRQHandler                               build/startup_stm32f405xx.o
CAN2_RX1_IRQHandler                               build/startup_stm32f405xx.o
CAN2_SCE_IRQHandler                               build/startup_stm32f405xx.o
CAN2_TX_IRQHandler                                build/startup_stm32f405xx.o
DMA1_Stream0_IRQHandler                           build/startup_stm32f405xx.o
DMA1_Stream1_IRQHandler                           build/startup_stm32f405xx.o
DMA1_Stream2_IRQHandler                           build/startup_stm32f405xx.o
DMA1_Stream3_IRQHandler                           build/startup_stm32f405xx.o
DMA1_Stream4_IRQHandler                           build/startup_stm32f405xx.o
DMA1_Stream5_IRQHandler                           build/startup_stm32f405xx.o
DMA1_Stream6_IRQHandler                           build/startup_stm32f405xx.o
DMA1_Stream7_IRQHandler                           build/startup_stm32f405xx.o
DMA2_Stream0_IRQHandler                           build/startup_stm32f405xx.o
DMA2_Stream1_IRQHandler                           build/startup_stm32f405xx.o
DMA2_Stream2_IRQHandler                           build/startup_stm32f405xx.o
DMA2_Stream3_IRQHandler                           build/startup_stm32f405xx.o
DMA2_Stream4_IRQHandler                           build/startup_stm32f405xx.o
DMA2_Stream5_IRQHandler                           build/startup_stm32f405xx.o
DMA2_Stream6_IRQHandler                           build/startup_stm32f405xx.o
DMA2_Stream7_IRQHandler                           build/startup_stm32f405xx.o
DebugMon_Handler                                  build/stm32f4xx_it.o
Default_Handler                                   build/startup_stm32f405xx.o
EXTI0_IRQHandler                                  build/startup_stm32f405xx.o
EXTI15_10_IRQHandler                              build/startup_stm32f405xx.o
EXTI1_IRQHandler                                  build/startup_stm32f405xx.o
EXTI2_IRQHandler                                  build/startup_stm32f405xx.o
EXTI3_IRQHandler                                  build/startup_stm32f405xx.o
EXTI4_IRQHandler                                  build/startup_stm32f405xx.o
EXTI9_5_IRQHandler                                build/startup_stm32f405xx.o
FLASH_Erase_Sector                                build/stm32f4xx_hal_flash_ex.o
                                                  build/stm32f4xx_hal_flash.o
FLASH_FlushCaches                                 build/stm32f4xx_hal_flash_ex.o
                                                  build/stm32f4xx_hal_flash.o
FLASH_IRQHandler                                  build/startup_stm32f405xx.o
FLASH_WaitForLastOperation                        build/stm32f4xx_hal_flash.o
                                                  build/stm32f4xx_hal_flash_ex.o
FPU_IRQHandler                                    build/startup_stm32f405xx.o
FSMC_IRQHandler                                   build/startup_stm32f405xx.o
HAL_ADCEx_InjectedConfigChannel                   build/stm32f4xx_hal_adc_ex.o
HAL_ADCEx_InjectedConvCpltCallback                build/stm32f4xx_hal_adc_ex.o
                                                  build/stm32f4xx_hal_adc.o
HAL_ADCEx_InjectedGetValue                        build/stm32f4xx_hal_adc_ex.o
HAL_ADCEx_InjectedPollForConversion               build/stm32f4xx_hal_adc_ex.o
HAL_ADCEx_InjectedStart                           build/stm32f4xx_hal_adc_ex.o
HAL_ADCEx_InjectedStart_IT                        build/stm32f4xx_hal_adc_ex.o
HAL_ADCEx_InjectedStop                            build/stm32f4xx_hal_adc_ex.o
HAL_ADCEx_InjectedStop_IT                         build/stm32f4xx_hal_adc_ex.o
HAL_ADCEx_MultiModeConfigChannel                  build/stm32f4xx_hal_adc_ex.o
HAL_ADCEx_MultiModeGetValue                       build/stm32f4xx_hal_adc_ex.o
HAL_ADCEx_MultiModeStart_DMA                      build/stm32f4xx_hal_adc_ex.o
HAL_ADCEx_MultiModeStop_DMA                       build/stm32f4xx_hal_adc_ex.o
HAL_ADC_AnalogWDGConfig                           build/stm32f4xx_hal_adc.o
HAL_ADC_ConfigChannel                             build/stm32f4xx_hal_adc.o
                                                  build/main.o
HAL_ADC_ConvCpltCallback                          build/stm32f4xx_hal_adc.o
                                                  build/stm32f4xx_hal_adc_ex.o
HAL_ADC_ConvHalfCpltCallback                      build/stm32f4xx_hal_adc.o
                                                  build/stm32f4xx_hal_adc_ex.o
HAL_ADC_DeInit                                    build/stm32f4xx_hal_adc.o
HAL_ADC_ErrorCallback                             build/stm32f4xx_hal_adc.o
                                                  build/stm32f4xx_hal_adc_ex.o
HAL_ADC_GetError                                  build/stm32f4xx_hal_adc.o
HAL_ADC_GetState                                  build/stm32f4xx_hal_adc.o
HAL_ADC_GetValue                                  build/stm32f4xx_hal_adc.o
HAL_ADC_IRQHandler                                build/stm32f4xx_hal_adc.o
HAL_ADC_Init                                      build/stm32f4xx_hal_adc.o
                                                  build/main.o
HAL_ADC_LevelOutOfWindowCallback                  build/stm32f4xx_hal_adc.o
HAL_ADC_MspDeInit                                 build/stm32f4xx_hal_msp.o
                                                  build/stm32f4xx_hal_adc.o
HAL_ADC_MspInit                                   build/stm32f4xx_hal_msp.o
                                                  build/stm32f4xx_hal_adc.o
HAL_ADC_PollForConversion                         build/stm32f4xx_hal_adc.o
HAL_ADC_PollForEvent                              build/stm32f4xx_hal_adc.o
HAL_ADC_Start                                     build/stm32f4xx_hal_adc.o
HAL_ADC_Start_DMA                                 build/stm32f4xx_hal_adc.o
HAL_ADC_Start_IT                                  build/stm32f4xx_hal_adc.o
HAL_ADC_Stop                                      build/stm32f4xx_hal_adc.o
HAL_ADC_Stop_DMA                                  build/stm32f4xx_hal_adc.o
HAL_ADC_Stop_IT                                   build/stm32f4xx_hal_adc.o
HAL_DBGMCU_DisableDBGSleepMode                    build/stm32f4xx_hal.o
HAL_DBGMCU_DisableDBGStandbyMode                  build/stm32f4xx_hal.o
HAL_DBGMCU_DisableDBGStopMode                     build/stm32f4xx_hal.o
HAL_DBGMCU_EnableDBGSleepMode                     build/stm32f4xx_hal.o
HAL_DBGMCU_EnableDBGStandbyMode                   build/stm32f4xx_hal.o
HAL_DBGMCU_EnableDBGStopMode                      build/stm32f4xx_hal.o
HAL_DMAEx_ChangeMemory                            build/stm32f4xx_hal_dma_ex.o
HAL_DMAEx_MultiBufferStart                        build/stm32f4xx_hal_dma_ex.o
HAL_DMAEx_MultiBufferStart_IT                     build/stm32f4xx_hal_dma_ex.o
HAL_DMA_Abort                                     build/stm32f4xx_hal_dma.o
                                                  build/stm32f4xx_hal_adc.o
                                                  build/stm32f4xx_hal_uart.o
                                                  build/stm32f4xx_hal_adc_ex.o
                                                  build/stm32f4xx_hal_tim.o
HAL_DMA_Abort_IT                                  build/stm32f4xx_hal_dma.o
                                                  build/stm32f4xx_hal_uart.o
                                                  build/stm32f4xx_hal_i2c.o
HAL_DMA_DeInit                                    build/stm32f4xx_hal_dma.o
HAL_DMA_GetError                                  build/stm32f4xx_hal_dma.o
                                                  build/stm32f4xx_hal_i2c.o
HAL_DMA_GetState                                  build/stm32f4xx_hal_dma.o
HAL_DMA_IRQHandler                                build/stm32f4xx_hal_dma.o
HAL_DMA_Init                                      build/stm32f4xx_hal_dma.o
HAL_DMA_PollForTransfer                           build/stm32f4xx_hal_dma.o
HAL_DMA_RegisterCallback                          build/stm32f4xx_hal_dma.o
HAL_DMA_Start                                     build/stm32f4xx_hal_dma.o
HAL_DMA_Start_IT                                  build/stm32f4xx_hal_dma.o
                                                  build/stm32f4xx_hal_adc.o
                                                  build/stm32f4xx_hal_uart.o
                                                  build/stm32f4xx_hal_adc_ex.o
                                                  build/stm32f4xx_hal_i2c.o
                                                  build/stm32f4xx_hal_tim.o
                                                  build/stm32f4xx_hal_tim_ex.o
HAL_DMA_UnRegisterCallback                        build/stm32f4xx_hal_dma.o
HAL_DeInit                                        build/stm32f4xx_hal.o
HAL_Delay                                         build/stm32f4xx_hal.o
HAL_DisableCompensationCell                       build/stm32f4xx_hal.o
HAL_EnableCompensationCell                        build/stm32f4xx_hal.o
HAL_FLASHEx_Erase                                 build/stm32f4xx_hal_flash_ex.o
HAL_FLASHEx_Erase_IT                              build/stm32f4xx_hal_flash_ex.o
HAL_FLASHEx_OBGetConfig                           build/stm32f4xx_hal_flash_ex.o
HAL_FLASHEx_OBProgram                             build/stm32f4xx_hal_flash_ex.o
HAL_FLASH_EndOfOperationCallback                  build/stm32f4xx_hal_flash.o
HAL_FLASH_GetError                                build/stm32f4xx_hal_flash.o
HAL_FLASH_IRQHandler                              build/stm32f4xx_hal_flash.o
HAL_FLASH_Lock                                    build/stm32f4xx_hal_flash.o
HAL_FLASH_OB_Launch                               build/stm32f4xx_hal_flash.o
HAL_FLASH_OB_Lock                                 build/stm32f4xx_hal_flash.o
HAL_FLASH_OB_Unlock                               build/stm32f4xx_hal_flash.o
HAL_FLASH_OperationErrorCallback                  build/stm32f4xx_hal_flash.o
HAL_FLASH_Program                                 build/stm32f4xx_hal_flash.o
HAL_FLASH_Program_IT                              build/stm32f4xx_hal_flash.o
HAL_FLASH_Unlock                                  build/stm32f4xx_hal_flash.o
HAL_GPIO_DeInit                                   build/stm32f4xx_hal_gpio.o
                                                  build/stm32f4xx_hal_msp.o
HAL_GPIO_EXTI_Callback                            build/stm32f4xx_hal_gpio.o
HAL_GPIO_EXTI_IRQHandler                          build/stm32f4xx_hal_gpio.o
HAL_GPIO_Init                                     build/stm32f4xx_hal_gpio.o
                                                  build/stm32f4xx_hal_msp.o
                                                  build/stm32f4xx_hal_rcc.o
                                                  build/main.o
HAL_GPIO_LockPin                                  build/stm32f4xx_hal_gpio.o
HAL_GPIO_ReadPin                                  build/stm32f4xx_hal_gpio.o
HAL_GPIO_TogglePin                                build/stm32f4xx_hal_gpio.o
HAL_GPIO_WritePin                                 build/stm32f4xx_hal_gpio.o
                                                  build/main.o
HAL_GetDEVID                                      build/stm32f4xx_hal.o
HAL_GetHalVersion                                 build/stm32f4xx_hal.o
HAL_GetREVID                                      build/stm32f4xx_hal.o
HAL_GetTick                                       build/stm32f4xx_hal.o
                                                  build/stm32f4xx_hal_adc.o
                                                  build/stm32f4xx_hal_uart.o
                                                  build/stm32f4xx_hal_adc_ex.o
                                                  build/stm32f4xx_hal_i2c.o
                                                  build/stm32f4xx_hal_pwr_ex.o
                                                  build/stm32f4xx_hal_flash.o
                                                  build/stm32f4xx_hal_rcc.o
                                                  build/stm32f4xx_hal_dma.o
                                                  build/stm32f4xx_hal_rcc_ex.o
HAL_GetTickFreq                                   build/stm32f4xx_hal.o
HAL_GetTickPrio                                   build/stm32f4xx_hal.o
HAL_GetUID                                        build/stm32f4xx_hal.o
HAL_HalfDuplex_EnableReceiver                     build/stm32f4xx_hal_uart.o
HAL_HalfDuplex_EnableTransmitter                  build/stm32f4xx_hal_uart.o
HAL_HalfDuplex_Init                               build/stm32f4xx_hal_uart.o
HAL_I2C_AbortCpltCallback                         build/stm32f4xx_hal_i2c.o
HAL_I2C_AddrCallback                              build/stm32f4xx_hal_i2c.o
HAL_I2C_DeInit                                    build/stm32f4xx_hal_i2c.o
HAL_I2C_DisableListen_IT                          build/stm32f4xx_hal_i2c.o
HAL_I2C_ER_IRQHandler                             build/stm32f4xx_hal_i2c.o
HAL_I2C_EV_IRQHandler                             build/stm32f4xx_hal_i2c.o
HAL_I2C_EnableListen_IT                           build/stm32f4xx_hal_i2c.o
HAL_I2C_ErrorCallback                             build/stm32f4xx_hal_i2c.o
HAL_I2C_GetError                                  build/stm32f4xx_hal_i2c.o
HAL_I2C_GetMode                                   build/stm32f4xx_hal_i2c.o
HAL_I2C_GetState                                  build/stm32f4xx_hal_i2c.o
HAL_I2C_Init                                      build/stm32f4xx_hal_i2c.o
                                                  build/main.o
HAL_I2C_IsDeviceReady                             build/stm32f4xx_hal_i2c.o
HAL_I2C_ListenCpltCallback                        build/stm32f4xx_hal_i2c.o
HAL_I2C_MasterRxCpltCallback                      build/stm32f4xx_hal_i2c.o
HAL_I2C_MasterTxCpltCallback                      build/stm32f4xx_hal_i2c.o
HAL_I2C_Master_Abort_IT                           build/stm32f4xx_hal_i2c.o
HAL_I2C_Master_Receive                            build/stm32f4xx_hal_i2c.o
HAL_I2C_Master_Receive_DMA                        build/stm32f4xx_hal_i2c.o
HAL_I2C_Master_Receive_IT                         build/stm32f4xx_hal_i2c.o
HAL_I2C_Master_Sequential_Receive_IT              build/stm32f4xx_hal_i2c.o
HAL_I2C_Master_Sequential_Transmit_IT             build/stm32f4xx_hal_i2c.o
HAL_I2C_Master_Transmit                           build/stm32f4xx_hal_i2c.o
HAL_I2C_Master_Transmit_DMA                       build/stm32f4xx_hal_i2c.o
HAL_I2C_Master_Transmit_IT                        build/stm32f4xx_hal_i2c.o
HAL_I2C_MemRxCpltCallback                         build/stm32f4xx_hal_i2c.o
HAL_I2C_MemTxCpltCallback                         build/stm32f4xx_hal_i2c.o
HAL_I2C_Mem_Read                                  build/stm32f4xx_hal_i2c.o
HAL_I2C_Mem_Read_DMA                              build/stm32f4xx_hal_i2c.o
HAL_I2C_Mem_Read_IT                               build/stm32f4xx_hal_i2c.o
HAL_I2C_Mem_Write                                 build/stm32f4xx_hal_i2c.o
HAL_I2C_Mem_Write_DMA                             build/stm32f4xx_hal_i2c.o
HAL_I2C_Mem_Write_IT                              build/stm32f4xx_hal_i2c.o
HAL_I2C_MspDeInit                                 build/stm32f4xx_hal_msp.o
                                                  build/stm32f4xx_hal_i2c.o
HAL_I2C_MspInit                                   build/stm32f4xx_hal_msp.o
                                                  build/stm32f4xx_hal_i2c.o
HAL_I2C_SlaveRxCpltCallback                       build/stm32f4xx_hal_i2c.o
HAL_I2C_SlaveTxCpltCallback                       build/stm32f4xx_hal_i2c.o
HAL_I2C_Slave_Receive                             build/stm32f4xx_hal_i2c.o
HAL_I2C_Slave_Receive_DMA                         build/stm32f4xx_hal_i2c.o
HAL_I2C_Slave_Receive_IT                          build/stm32f4xx_hal_i2c.o
HAL_I2C_Slave_Sequential_Receive_IT               build/stm32f4xx_hal_i2c.o
HAL_I2C_Slave_Sequential_Transmit_IT              build/stm32f4xx_hal_i2c.o
HAL_I2C_Slave_Transmit                            build/stm32f4xx_hal_i2c.o
HAL_I2C_Slave_Transmit_DMA                        build/stm32f4xx_hal_i2c.o
HAL_I2C_Slave_Transmit_IT                         build/stm32f4xx_hal_i2c.o
HAL_IncTick                                       build/stm32f4xx_hal.o
                                                  build/stm32f4xx_it.o
HAL_Init                                          build/stm32f4xx_hal.o
                                                  build/main.o
HAL_InitTick                                      build/stm32f4xx_hal.o
                                                  build/stm32f4xx_hal_rcc.o
                                                  build/stm32f4xx_hal_rcc_ex.o
HAL_LIN_Init                                      build/stm32f4xx_hal_uart.o
HAL_LIN_SendBreak                                 build/stm32f4xx_hal_uart.o
HAL_MPU_ConfigRegion                              build/stm32f4xx_hal_cortex.o
HAL_MPU_Disable                                   build/stm32f4xx_hal_cortex.o
HAL_MPU_Enable                                    build/stm32f4xx_hal_cortex.o
HAL_MspDeInit                                     build/stm32f4xx_hal.o
HAL_MspInit                                       build/stm32f4xx_hal_msp.o
                                                  build/stm32f4xx_hal.o
HAL_MultiProcessor_EnterMuteMode                  build/stm32f4xx_hal_uart.o
HAL_MultiProcessor_ExitMuteMode                   build/stm32f4xx_hal_uart.o
HAL_MultiProcessor_Init                           build/stm32f4xx_hal_uart.o
HAL_NVIC_ClearPendingIRQ                          build/stm32f4xx_hal_cortex.o
HAL_NVIC_DisableIRQ                               build/stm32f4xx_hal_cortex.o
HAL_NVIC_EnableIRQ                                build/stm32f4xx_hal_cortex.o
HAL_NVIC_GetActive                                build/stm32f4xx_hal_cortex.o
HAL_NVIC_GetPendingIRQ                            build/stm32f4xx_hal_cortex.o
HAL_NVIC_GetPriority                              build/stm32f4xx_hal_cortex.o
HAL_NVIC_GetPriorityGrouping                      build/stm32f4xx_hal_cortex.o
HAL_NVIC_SetPendingIRQ                            build/stm32f4xx_hal_cortex.o
HAL_NVIC_SetPriority                              build/stm32f4xx_hal_cortex.o
                                                  build/stm32f4xx_hal_msp.o
                                                  build/stm32f4xx_hal.o
                                                  build/main.o
HAL_NVIC_SetPriorityGrouping                      build/stm32f4xx_hal_cortex.o
                                                  build/stm32f4xx_hal_msp.o
                                                  build/stm32f4xx_hal.o
HAL_NVIC_SystemReset                              build/stm32f4xx_hal_cortex.o
HAL_PWREx_ControlVoltageScaling                   build/stm32f4xx_hal_pwr_ex.o
HAL_PWREx_DisableBkUpReg                          build/stm32f4xx_hal_pwr_ex.o
HAL_PWREx_DisableFlashPowerDown                   build/stm32f4xx_hal_pwr_ex.o
HAL_PWREx_EnableBkUpReg                           build/stm32f4xx_hal_pwr_ex.o
HAL_PWREx_EnableFlashPowerDown                    build/stm32f4xx_hal_pwr_ex.o
HAL_PWREx_GetVoltageRange                         build/stm32f4xx_hal_pwr_ex.o
HAL_PWR_ConfigPVD                                 build/stm32f4xx_hal_pwr.o
HAL_PWR_DeInit                                    build/stm32f4xx_hal_pwr.o
HAL_PWR_DisableBkUpAccess                         build/stm32f4xx_hal_pwr.o
HAL_PWR_DisablePVD                                build/stm32f4xx_hal_pwr.o
HAL_PWR_DisableSEVOnPend                          build/stm32f4xx_hal_pwr.o
HAL_PWR_DisableSleepOnExit                        build/stm32f4xx_hal_pwr.o
HAL_PWR_DisableWakeUpPin                          build/stm32f4xx_hal_pwr.o
HAL_PWR_EnableBkUpAccess                          build/stm32f4xx_hal_pwr.o
HAL_PWR_EnablePVD                                 build/stm32f4xx_hal_pwr.o
HAL_PWR_EnableSEVOnPend                           build/stm32f4xx_hal_pwr.o
HAL_PWR_EnableSleepOnExit                         build/stm32f4xx_hal_pwr.o
HAL_PWR_EnableWakeUpPin                           build/stm32f4xx_hal_pwr.o
HAL_PWR_EnterSLEEPMode                            build/stm32f4xx_hal_pwr.o
HAL_PWR_EnterSTANDBYMode                          build/stm32f4xx_hal_pwr.o
HAL_PWR_EnterSTOPMode                             build/stm32f4xx_hal_pwr.o
HAL_PWR_PVDCallback                               build/stm32f4xx_hal_pwr.o
HAL_PWR_PVD_IRQHandler                            build/stm32f4xx_hal_pwr.o
HAL_RCCEx_DisablePLLI2S                           build/stm32f4xx_hal_rcc_ex.o
HAL_RCCEx_EnablePLLI2S                            build/stm32f4xx_hal_rcc_ex.o
HAL_RCCEx_GetPeriphCLKConfig                      build/stm32f4xx_hal_rcc_ex.o
HAL_RCCEx_GetPeriphCLKFreq                        build/stm32f4xx_hal_rcc_ex.o
HAL_RCCEx_PeriphCLKConfig                         build/stm32f4xx_hal_rcc_ex.o
HAL_RCC_CSSCallback                               build/stm32f4xx_hal_rcc.o
HAL_RCC_ClockConfig                               build/stm32f4xx_hal_rcc.o
                                                  build/main.o
HAL_RCC_DeInit                                    build/stm32f4xx_hal_rcc_ex.o
HAL_RCC_DisableCSS                                build/stm32f4xx_hal_rcc.o
HAL_RCC_EnableCSS                                 build/stm32f4xx_hal_rcc.o
HAL_RCC_GetClockConfig                            build/stm32f4xx_hal_rcc.o
HAL_RCC_GetHCLKFreq                               build/stm32f4xx_hal_rcc.o
                                                  build/main.o
HAL_RCC_GetOscConfig                              build/stm32f4xx_hal_rcc.o
HAL_RCC_GetPCLK1Freq                              build/stm32f4xx_hal_rcc.o
                                                  build/stm32f4xx_hal_uart.o
                                                  build/stm32f4xx_hal_i2c.o
HAL_RCC_GetPCLK2Freq                              build/stm32f4xx_hal_rcc.o
                                                  build/stm32f4xx_hal_uart.o
HAL_RCC_GetSysClockFreq                           build/stm32f4xx_hal_rcc.o
HAL_RCC_MCOConfig                                 build/stm32f4xx_hal_rcc.o
HAL_RCC_NMI_IRQHandler                            build/stm32f4xx_hal_rcc.o
HAL_RCC_OscConfig                                 build/stm32f4xx_hal_rcc.o
                                                  build/main.o
HAL_ResumeTick                                    build/stm32f4xx_hal.o
HAL_SYSTICK_CLKSourceConfig                       build/stm32f4xx_hal_cortex.o
                                                  build/main.o
HAL_SYSTICK_Callback                              build/stm32f4xx_hal_cortex.o
HAL_SYSTICK_Config                                build/stm32f4xx_hal_cortex.o
                                                  build/stm32f4xx_hal.o
                                                  build/main.o
HAL_SYSTICK_IRQHandler                            build/stm32f4xx_hal_cortex.o
                                                  build/stm32f4xx_it.o
HAL_SetTickFreq                                   build/stm32f4xx_hal.o
HAL_SuspendTick                                   build/stm32f4xx_hal.o
HAL_TIMEx_BreakCallback                           build/stm32f4xx_hal_tim_ex.o
                                                  build/stm32f4xx_hal_tim.o
HAL_TIMEx_CommutationCallback                     build/stm32f4xx_hal_tim_ex.o
                                                  build/stm32f4xx_hal_tim.o
HAL_TIMEx_ConfigBreakDeadTime                     build/stm32f4xx_hal_tim_ex.o
                                                  build/main.o
HAL_TIMEx_ConfigCommutationEvent                  build/stm32f4xx_hal_tim_ex.o
HAL_TIMEx_ConfigCommutationEvent_DMA              build/stm32f4xx_hal_tim_ex.o
HAL_TIMEx_ConfigCommutationEvent_IT               build/stm32f4xx_hal_tim_ex.o
HAL_TIMEx_HallSensor_DeInit                       build/stm32f4xx_hal_tim_ex.o
HAL_TIMEx_HallSensor_GetState                     build/stm32f4xx_hal_tim_ex.o
HAL_TIMEx_HallSensor_Init                         build/stm32f4xx_hal_tim_ex.o
HAL_TIMEx_HallSensor_MspDeInit                    build/stm32f4xx_hal_tim_ex.o
HAL_TIMEx_HallSensor_MspInit                      build/stm32f4xx_hal_tim_ex.o
HAL_TIMEx_HallSensor_Start                        build/stm32f4xx_hal_tim_ex.o
HAL_TIMEx_HallSensor_Start_DMA                    build/stm32f4xx_hal_tim_ex.o
HAL_TIMEx_HallSensor_Start_IT                     build/stm32f4xx_hal_tim_ex.o
HAL_TIMEx_HallSensor_Stop                         build/stm32f4xx_hal_tim_ex.o
HAL_TIMEx_HallSensor_Stop_DMA                     build/stm32f4xx_hal_tim_ex.o
HAL_TIMEx_HallSensor_Stop_IT                      build/stm32f4xx_hal_tim_ex.o
HAL_TIMEx_MasterConfigSynchronization             build/stm32f4xx_hal_tim_ex.o
                                                  build/main.o
HAL_TIMEx_OCN_Start                               build/stm32f4xx_hal_tim_ex.o
HAL_TIMEx_OCN_Start_DMA                           build/stm32f4xx_hal_tim_ex.o
HAL_TIMEx_OCN_Start_IT                            build/stm32f4xx_hal_tim_ex.o
HAL_TIMEx_OCN_Stop                                build/stm32f4xx_hal_tim_ex.o
HAL_TIMEx_OCN_Stop_DMA                            build/stm32f4xx_hal_tim_ex.o
HAL_TIMEx_OCN_Stop_IT                             build/stm32f4xx_hal_tim_ex.o
HAL_TIMEx_OnePulseN_Start                         build/stm32f4xx_hal_tim_ex.o
HAL_TIMEx_OnePulseN_Start_IT                      build/stm32f4xx_hal_tim_ex.o
HAL_TIMEx_OnePulseN_Stop                          build/stm32f4xx_hal_tim_ex.o
HAL_TIMEx_OnePulseN_Stop_IT                       build/stm32f4xx_hal_tim_ex.o
HAL_TIMEx_PWMN_Start                              build/stm32f4xx_hal_tim_ex.o
HAL_TIMEx_PWMN_Start_DMA                          build/stm32f4xx_hal_tim_ex.o
HAL_TIMEx_PWMN_Start_IT                           build/stm32f4xx_hal_tim_ex.o
HAL_TIMEx_PWMN_Stop                               build/stm32f4xx_hal_tim_ex.o
HAL_TIMEx_PWMN_Stop_DMA                           build/stm32f4xx_hal_tim_ex.o
HAL_TIMEx_PWMN_Stop_IT                            build/stm32f4xx_hal_tim_ex.o
HAL_TIMEx_RemapConfig                             build/stm32f4xx_hal_tim_ex.o
HAL_TIM_Base_DeInit                               build/stm32f4xx_hal_tim.o
HAL_TIM_Base_GetState                             build/stm32f4xx_hal_tim.o
HAL_TIM_Base_Init                                 build/stm32f4xx_hal_tim.o
                                                  build/main.o
HAL_TIM_Base_MspDeInit                            build/stm32f4xx_hal_msp.o
                                                  build/stm32f4xx_hal_tim.o
HAL_TIM_Base_MspInit                              build/stm32f4xx_hal_msp.o
                                                  build/stm32f4xx_hal_tim.o
HAL_TIM_Base_Start                                build/stm32f4xx_hal_tim.o
HAL_TIM_Base_Start_DMA                            build/stm32f4xx_hal_tim.o
HAL_TIM_Base_Start_IT                             build/stm32f4xx_hal_tim.o
HAL_TIM_Base_Stop                                 build/stm32f4xx_hal_tim.o
HAL_TIM_Base_Stop_DMA                             build/stm32f4xx_hal_tim.o
HAL_TIM_Base_Stop_IT                              build/stm32f4xx_hal_tim.o
HAL_TIM_ConfigClockSource                         build/stm32f4xx_hal_tim.o
HAL_TIM_ConfigOCrefClear                          build/stm32f4xx_hal_tim.o
HAL_TIM_ConfigTI1Input                            build/stm32f4xx_hal_tim.o
HAL_TIM_DMABurst_ReadStart                        build/stm32f4xx_hal_tim.o
HAL_TIM_DMABurst_ReadStop                         build/stm32f4xx_hal_tim.o
HAL_TIM_DMABurst_WriteStart                       build/stm32f4xx_hal_tim.o
HAL_TIM_DMABurst_WriteStop                        build/stm32f4xx_hal_tim.o
HAL_TIM_Encoder_DeInit                            build/stm32f4xx_hal_tim.o
HAL_TIM_Encoder_GetState                          build/stm32f4xx_hal_tim.o
HAL_TIM_Encoder_Init                              build/stm32f4xx_hal_tim.o
                                                  build/main.o
HAL_TIM_Encoder_MspDeInit                         build/stm32f4xx_hal_msp.o
                                                  build/stm32f4xx_hal_tim.o
HAL_TIM_Encoder_MspInit                           build/stm32f4xx_hal_msp.o
                                                  build/stm32f4xx_hal_tim.o
HAL_TIM_Encoder_Start                             build/stm32f4xx_hal_tim.o
HAL_TIM_Encoder_Start_DMA                         build/stm32f4xx_hal_tim.o
HAL_TIM_Encoder_Start_IT                          build/stm32f4xx_hal_tim.o
HAL_TIM_Encoder_Stop                              build/stm32f4xx_hal_tim.o
HAL_TIM_Encoder_Stop_DMA                          build/stm32f4xx_hal_tim.o
HAL_TIM_Encoder_Stop_IT                           build/stm32f4xx_hal_tim.o
HAL_TIM_ErrorCallback                             build/stm32f4xx_hal_tim.o
HAL_TIM_GenerateEvent                             build/stm32f4xx_hal_tim.o
HAL_TIM_IC_CaptureCallback                        build/stm32f4xx_hal_tim.o
HAL_TIM_IC_ConfigChannel                          build/stm32f4xx_hal_tim.o
HAL_TIM_IC_DeInit                                 build/stm32f4xx_hal_tim.o
HAL_TIM_IC_GetState                               build/stm32f4xx_hal_tim.o
HAL_TIM_IC_Init                                   build/stm32f4xx_hal_tim.o
HAL_TIM_IC_MspDeInit                              build/stm32f4xx_hal_tim.o
HAL_TIM_IC_MspInit                                build/stm32f4xx_hal_tim.o
HAL_TIM_IC_Start                                  build/stm32f4xx_hal_tim.o
HAL_TIM_IC_Start_DMA                              build/stm32f4xx_hal_tim.o
HAL_TIM_IC_Start_IT                               build/stm32f4xx_hal_tim.o
HAL_TIM_IC_Stop                                   build/stm32f4xx_hal_tim.o
HAL_TIM_IC_Stop_DMA                               build/stm32f4xx_hal_tim.o
HAL_TIM_IC_Stop_IT                                build/stm32f4xx_hal_tim.o
HAL_TIM_IRQHandler                                build/stm32f4xx_hal_tim.o
HAL_TIM_MspPostInit(TIM_HandleTypeDef*)           build/stm32f4xx_hal_msp.o
                                                  build/main.o
HAL_TIM_OC_ConfigChannel                          build/stm32f4xx_hal_tim.o
HAL_TIM_OC_DeInit                                 build/stm32f4xx_hal_tim.o
HAL_TIM_OC_DelayElapsedCallback                   build/stm32f4xx_hal_tim.o
HAL_TIM_OC_GetState                               build/stm32f4xx_hal_tim.o
HAL_TIM_OC_Init                                   build/stm32f4xx_hal_tim.o
HAL_TIM_OC_MspDeInit                              build/stm32f4xx_hal_tim.o
HAL_TIM_OC_MspInit                                build/stm32f4xx_hal_tim.o
HAL_TIM_OC_Start                                  build/stm32f4xx_hal_tim.o
HAL_TIM_OC_Start_DMA                              build/stm32f4xx_hal_tim.o
HAL_TIM_OC_Start_IT                               build/stm32f4xx_hal_tim.o
HAL_TIM_OC_Stop                                   build/stm32f4xx_hal_tim.o
HAL_TIM_OC_Stop_DMA                               build/stm32f4xx_hal_tim.o
HAL_TIM_OC_Stop_IT                                build/stm32f4xx_hal_tim.o
HAL_TIM_OnePulse_ConfigChannel                    build/stm32f4xx_hal_tim.o
HAL_TIM_OnePulse_DeInit                           build/stm32f4xx_hal_tim.o
HAL_TIM_OnePulse_GetState                         build/stm32f4xx_hal_tim.o
HAL_TIM_OnePulse_Init                             build/stm32f4xx_hal_tim.o
HAL_TIM_OnePulse_MspDeInit                        build/stm32f4xx_hal_tim.o
HAL_TIM_OnePulse_MspInit                          build/stm32f4xx_hal_tim.o
HAL_TIM_OnePulse_Start                            build/stm32f4xx_hal_tim.o
HAL_TIM_OnePulse_Start_IT                         build/stm32f4xx_hal_tim.o
HAL_TIM_OnePulse_Stop                             build/stm32f4xx_hal_tim.o
HAL_TIM_OnePulse_Stop_IT                          build/stm32f4xx_hal_tim.o
HAL_TIM_PWM_ConfigChannel                         build/stm32f4xx_hal_tim.o
                                                  build/main.o
HAL_TIM_PWM_DeInit                                build/stm32f4xx_hal_tim.o
HAL_TIM_PWM_GetState                              build/stm32f4xx_hal_tim.o
HAL_TIM_PWM_Init                                  build/stm32f4xx_hal_tim.o
                                                  build/main.o
HAL_TIM_PWM_MspDeInit                             build/stm32f4xx_hal_msp.o
                                                  build/stm32f4xx_hal_tim.o
HAL_TIM_PWM_MspInit                               build/stm32f4xx_hal_msp.o
                                                  build/stm32f4xx_hal_tim.o
HAL_TIM_PWM_PulseFinishedCallback                 build/stm32f4xx_hal_tim.o
HAL_TIM_PWM_Start                                 build/stm32f4xx_hal_tim.o
HAL_TIM_PWM_Start_DMA                             build/stm32f4xx_hal_tim.o
HAL_TIM_PWM_Start_IT                              build/stm32f4xx_hal_tim.o
HAL_TIM_PWM_Stop                                  build/stm32f4xx_hal_tim.o
HAL_TIM_PWM_Stop_DMA                              build/stm32f4xx_hal_tim.o
HAL_TIM_PWM_Stop_IT                               build/stm32f4xx_hal_tim.o
HAL_TIM_PeriodElapsedCallback                     build/stm32f4xx_hal_tim.o
HAL_TIM_ReadCapturedValue                         build/stm32f4xx_hal_tim.o
HAL_TIM_SlaveConfigSynchronization                build/stm32f4xx_hal_tim.o
HAL_TIM_SlaveConfigSynchronization_IT             build/stm32f4xx_hal_tim.o
HAL_TIM_TriggerCallback                           build/stm32f4xx_hal_tim.o
HAL_UART_Abort                                    build/stm32f4xx_hal_uart.o
HAL_UART_AbortCpltCallback                        build/stm32f4xx_hal_uart.o
HAL_UART_AbortReceive                             build/stm32f4xx_hal_uart.o
HAL_UART_AbortReceiveCpltCallback                 build/stm32f4xx_hal_uart.o
HAL_UART_AbortReceive_IT                          build/stm32f4xx_hal_uart.o
HAL_UART_AbortTransmit                            build/stm32f4xx_hal_uart.o
HAL_UART_AbortTransmitCpltCallback                build/stm32f4xx_hal_uart.o
HAL_UART_AbortTransmit_IT                         build/stm32f4xx_hal_uart.o
HAL_UART_Abort_IT                                 build/stm32f4xx_hal_uart.o
HAL_UART_DMAPause                                 build/stm32f4xx_hal_uart.o
HAL_UART_DMAResume                                build/stm32f4xx_hal_uart.o
HAL_UART_DMAStop                                  build/stm32f4xx_hal_uart.o
HAL_UART_DeInit                                   build/stm32f4xx_hal_uart.o
HAL_UART_ErrorCallback                            build/stm32f4xx_hal_uart.o
HAL_UART_GetError                                 build/stm32f4xx_hal_uart.o
HAL_UART_GetState                                 build/stm32f4xx_hal_uart.o
HAL_UART_IRQHandler                               build/stm32f4xx_hal_uart.o
HAL_UART_Init                                     build/stm32f4xx_hal_uart.o
                                                  build/main.o
HAL_UART_MspDeInit                                build/stm32f4xx_hal_msp.o
                                                  build/stm32f4xx_hal_uart.o
HAL_UART_MspInit                                  build/stm32f4xx_hal_msp.o
                                                  build/stm32f4xx_hal_uart.o
HAL_UART_Receive                                  build/stm32f4xx_hal_uart.o
HAL_UART_Receive_DMA                              build/stm32f4xx_hal_uart.o
HAL_UART_Receive_IT                               build/stm32f4xx_hal_uart.o
HAL_UART_RxCpltCallback                           build/stm32f4xx_hal_uart.o
HAL_UART_RxHalfCpltCallback                       build/stm32f4xx_hal_uart.o
HAL_UART_Transmit                                 build/stm32f4xx_hal_uart.o
HAL_UART_Transmit_DMA                             build/stm32f4xx_hal_uart.o
HAL_UART_Transmit_IT                              build/stm32f4xx_hal_uart.o
HAL_UART_TxCpltCallback                           build/stm32f4xx_hal_uart.o
HAL_UART_TxHalfCpltCallback                       build/stm32f4xx_hal_uart.o
HASH_RNG_IRQHandler                               build/startup_stm32f405xx.o
HardFault_Handler                                 build/stm32f4xx_it.o
I2C1_ER_IRQHandler                                build/startup_stm32f405xx.o
I2C1_EV_IRQHandler                                build/startup_stm32f405xx.o
I2C2_ER_IRQHandler                                build/startup_stm32f405xx.o
I2C2_EV_IRQHandler                                build/startup_stm32f405xx.o
I2C3_ER_IRQHandler                                build/startup_stm32f405xx.o
I2C3_EV_IRQHandler                                build/startup_stm32f405xx.o
MemManage_Handler                                 build/stm32f4xx_it.o
NMI_Handler                                       build/stm32f4xx_it.o
OTG_FS_IRQHandler                                 build/startup_stm32f405xx.o
OTG_FS_WKUP_IRQHandler                            build/startup_stm32f405xx.o
OTG_HS_EP1_IN_IRQHandler                          build/startup_stm32f405xx.o
OTG_HS_EP1_OUT_IRQHandler                         build/startup_stm32f405xx.o
OTG_HS_IRQHandler                                 build/startup_stm32f405xx.o
OTG_HS_WKUP_IRQHandler                            build/startup_stm32f405xx.o
PVD_IRQHandler                                    build/startup_stm32f405xx.o
PendSV_Handler                                    build/stm32f4xx_it.o
RCC_IRQHandler                                    build/startup_stm32f405xx.o
RTC_Alarm_IRQHandler                              build/startup_stm32f405xx.o
RTC_WKUP_IRQHandler                               build/startup_stm32f405xx.o
Reset_Handler                                     build/startup_stm32f405xx.o
SDIO_IRQHandler                                   build/startup_stm32f405xx.o
SPI1_IRQHandler                                   build/startup_stm32f405xx.o